<html>
<body>
<pre>
<h1>µVision Build Log</h1>
<h2>Tool Versions:</h2>
IDE-Version: ¦ÌVision V5.28.0.0
Copyright (C) 2019 ARM Ltd and ARM Germany GmbH. All rights reserved.
License Information: t t, t, LIC=BUUUH-WGECS-EVI1R-KBB2S-LU2XK-Q14BN
 
Tool Versions:
Toolchain:       MDK-ARM Plus  Version: 5.28.0.0
Toolchain Path:  D:\Keil\ARM\ARMCC\Bin
C Compiler:      Armcc.exe V5.06 update 6 (build 750)
Assembler:       Armasm.exe V5.06 update 6 (build 750)
Linker/Locator:  ArmLink.exe V5.06 update 6 (build 750)
Library Manager: ArmAr.exe V5.06 update 6 (build 750)
Hex Converter:   FromElf.exe V5.06 update 6 (build 750)
CPU DLL:         SARMCM3.DLL V5.28.0.0
Dialog DLL:      DCM.DLL V1.17.3.0
Target DLL:      CMSIS_AGDI.dll V1.31.18.0
Dialog DLL:      TCM.DLL V1.36.2.0
 
<h2>Project:</h2>
F:\Code\McNamm wheel\MDK-ARM\McNamm wheel.uvprojx
Project File Date:  12/14/2019

<h2>Output:</h2>
*** Using Compiler 'V5.06 update 6 (build 750)', folder: 'D:\Keil\ARM\ARMCC\Bin'
*** Warning: You are compiling one or more files of source type C++ and have selected 'use MicroLIB'. MicroLIB does not support C++!
  
Build target 'McNamm wheel'
compiling McNamm_ctl.cpp...
..\lib\McNamm_Ctl\McNamm_ctl.cpp(80): warning:  #1035-D: single-precision operand implicitly converted to double-precision
  	Vx = Vx/100.0*50.0;
..\lib\McNamm_Ctl\McNamm_ctl.cpp(81): warning:  #1035-D: single-precision operand implicitly converted to double-precision
  	Vy = Vy/100.0*50.0;
..\lib\McNamm_Ctl\McNamm_ctl.cpp(82): warning:  #1035-D: single-precision operand implicitly converted to double-precision
  	Vz = Vz/100.0*50.0;
..\lib\McNamm_Ctl\McNamm_ctl.cpp: 3 warnings, 0 errors
linking...
Program Size: Code=20764 RO-data=460 RW-data=132 ZI-data=3076  
FromELF: creating hex file...
"McNamm wheel\McNamm wheel.axf" - 0 Error(s), 3 Warning(s).

<h2>Software Packages used:</h2>

Package Vendor: ARM
                http://www.keil.com/pack/ARM.CMSIS.5.5.1.pack
                ARM.CMSIS.5.5.1
                CMSIS (Cortex Microcontroller Software Interface Standard)
   * Component: CORE Version: 5.2.0

Package Vendor: Keil
                http://www.keil.com/pack/Keil.STM32F4xx_DFP.2.14.0.pack
                Keil.STM32F4xx_DFP.2.14.0
                STMicroelectronics STM32F4 Series Device Support, Drivers and Examples

<h2>Collection of Component include folders:</h2>
  .\RTE\_McNamm_wheel
  D:\Keil\ARM\PACK\ARM\CMSIS\5.5.1\CMSIS\Core\Include
  D:\Keil\ARM\PACK\Keil\STM32F4xx_DFP\2.14.0\Drivers\CMSIS\Device\ST\STM32F4xx\Include

<h2>Collection of Component Files used:</h2>

   * Component: ARM::CMSIS:CORE:5.2.0
Build Time Elapsed:  00:00:02
</pre>
</body>
</html>
