Component: ARM Compiler 5.06 update 6 (build 750) Tool: armlink [4d35ed]

==============================================================================

Section Cross References

    startup_stm32f407xx.o(RESET) refers to startup_stm32f407xx.o(STACK) for __initial_sp
    startup_stm32f407xx.o(RESET) refers to startup_stm32f407xx.o(.text) for Reset_Handler
    startup_stm32f407xx.o(RESET) refers to stm32f4xx_it.o(i.NMI_Handler) for NMI_Handler
    startup_stm32f407xx.o(RESET) refers to stm32f4xx_it.o(i.HardFault_Handler) for HardFault_Handler
    startup_stm32f407xx.o(RESET) refers to stm32f4xx_it.o(i.MemManage_Handler) for MemManage_Handler
    startup_stm32f407xx.o(RESET) refers to stm32f4xx_it.o(i.BusFault_Handler) for BusFault_Handler
    startup_stm32f407xx.o(RESET) refers to stm32f4xx_it.o(i.UsageFault_Handler) for UsageFault_Handler
    startup_stm32f407xx.o(RESET) refers to stm32f4xx_it.o(i.SVC_Handler) for SVC_Handler
    startup_stm32f407xx.o(RESET) refers to stm32f4xx_it.o(i.DebugMon_Handler) for DebugMon_Handler
    startup_stm32f407xx.o(RESET) refers to stm32f4xx_it.o(i.PendSV_Handler) for PendSV_Handler
    startup_stm32f407xx.o(RESET) refers to stm32f4xx_it.o(i.SysTick_Handler) for SysTick_Handler
    startup_stm32f407xx.o(RESET) refers to stm32f4xx_it.o(i.DMA1_Stream0_IRQHandler) for DMA1_Stream0_IRQHandler
    startup_stm32f407xx.o(RESET) refers to stm32f4xx_it.o(i.DMA1_Stream1_IRQHandler) for DMA1_Stream1_IRQHandler
    startup_stm32f407xx.o(RESET) refers to stm32f4xx_it.o(i.DMA1_Stream2_IRQHandler) for DMA1_Stream2_IRQHandler
    startup_stm32f407xx.o(RESET) refers to stm32f4xx_it.o(i.DMA1_Stream3_IRQHandler) for DMA1_Stream3_IRQHandler
    startup_stm32f407xx.o(RESET) refers to stm32f4xx_it.o(i.DMA1_Stream4_IRQHandler) for DMA1_Stream4_IRQHandler
    startup_stm32f407xx.o(RESET) refers to stm32f4xx_it.o(i.DMA1_Stream5_IRQHandler) for DMA1_Stream5_IRQHandler
    startup_stm32f407xx.o(RESET) refers to stm32f4xx_it.o(i.DMA1_Stream6_IRQHandler) for DMA1_Stream6_IRQHandler
    startup_stm32f407xx.o(RESET) refers to stm32f4xx_it.o(i.TIM3_IRQHandler) for TIM3_IRQHandler
    startup_stm32f407xx.o(RESET) refers to stm32f4xx_it.o(i.I2C1_EV_IRQHandler) for I2C1_EV_IRQHandler
    startup_stm32f407xx.o(RESET) refers to stm32f4xx_it.o(i.I2C1_ER_IRQHandler) for I2C1_ER_IRQHandler
    startup_stm32f407xx.o(RESET) refers to stm32f4xx_it.o(i.USART1_IRQHandler) for USART1_IRQHandler
    startup_stm32f407xx.o(RESET) refers to stm32f4xx_it.o(i.USART2_IRQHandler) for USART2_IRQHandler
    startup_stm32f407xx.o(RESET) refers to stm32f4xx_it.o(i.USART3_IRQHandler) for USART3_IRQHandler
    startup_stm32f407xx.o(RESET) refers to stm32f4xx_it.o(i.DMA1_Stream7_IRQHandler) for DMA1_Stream7_IRQHandler
    startup_stm32f407xx.o(RESET) refers to stm32f4xx_it.o(i.UART4_IRQHandler) for UART4_IRQHandler
    startup_stm32f407xx.o(RESET) refers to stm32f4xx_it.o(i.DMA2_Stream2_IRQHandler) for DMA2_Stream2_IRQHandler
    startup_stm32f407xx.o(RESET) refers to stm32f4xx_it.o(i.DMA2_Stream7_IRQHandler) for DMA2_Stream7_IRQHandler
    startup_stm32f407xx.o(.text) refers to system_stm32f4xx.o(i.SystemInit) for SystemInit
    startup_stm32f407xx.o(.text) refers to entry.o(.ARM.Collect$$$$00000000) for __main
    gpio.o(i.MX_GPIO_Init) refers to memseta.o(.text) for __aeabi_memclr4
    gpio.o(i.MX_GPIO_Init) refers to stm32f4xx_hal_gpio.o(i.HAL_GPIO_WritePin) for HAL_GPIO_WritePin
    gpio.o(i.MX_GPIO_Init) refers to stm32f4xx_hal_gpio.o(i.HAL_GPIO_Init) for HAL_GPIO_Init
    gpio.o(.ARM.exidx) refers to gpio.o(i.MX_GPIO_Init) for i.MX_GPIO_Init
    dma.o(i.MX_DMA_Init) refers to stm32f4xx_hal_cortex.o(i.HAL_NVIC_SetPriority) for HAL_NVIC_SetPriority
    dma.o(i.MX_DMA_Init) refers to stm32f4xx_hal_cortex.o(i.HAL_NVIC_EnableIRQ) for HAL_NVIC_EnableIRQ
    dma.o(.ARM.exidx) refers to dma.o(i.MX_DMA_Init) for i.MX_DMA_Init
    i2c.o(i.HAL_I2C_MspDeInit) refers to stm32f4xx_hal_gpio.o(i.HAL_GPIO_DeInit) for HAL_GPIO_DeInit
    i2c.o(i.HAL_I2C_MspDeInit) refers to stm32f4xx_hal_dma.o(i.HAL_DMA_DeInit) for HAL_DMA_DeInit
    i2c.o(i.HAL_I2C_MspDeInit) refers to stm32f4xx_hal_cortex.o(i.HAL_NVIC_DisableIRQ) for HAL_NVIC_DisableIRQ
    i2c.o(i.HAL_I2C_MspInit) refers to memseta.o(.text) for __aeabi_memclr4
    i2c.o(i.HAL_I2C_MspInit) refers to stm32f4xx_hal_gpio.o(i.HAL_GPIO_Init) for HAL_GPIO_Init
    i2c.o(i.HAL_I2C_MspInit) refers to stm32f4xx_hal_dma.o(i.HAL_DMA_Init) for HAL_DMA_Init
    i2c.o(i.HAL_I2C_MspInit) refers to main.o(i.Error_Handler) for Error_Handler
    i2c.o(i.HAL_I2C_MspInit) refers to stm32f4xx_hal_cortex.o(i.HAL_NVIC_SetPriority) for HAL_NVIC_SetPriority
    i2c.o(i.HAL_I2C_MspInit) refers to stm32f4xx_hal_cortex.o(i.HAL_NVIC_EnableIRQ) for HAL_NVIC_EnableIRQ
    i2c.o(i.HAL_I2C_MspInit) refers to i2c.o(.bss) for hdma_i2c1_rx
    i2c.o(i.MX_I2C1_Init) refers to stm32f4xx_hal_i2c.o(i.HAL_I2C_Init) for HAL_I2C_Init
    i2c.o(i.MX_I2C1_Init) refers to main.o(i.Error_Handler) for Error_Handler
[...]
    i.MX_USART1_UART_Init                    0x08002fc8   Section        0  usart.o(i.MX_USART1_UART_Init)
    i.MX_USART2_UART_Init                    0x0800302c   Section        0  usart.o(i.MX_USART2_UART_Init)
    i.MX_USART3_UART_Init                    0x08003090   Section        0  usart.o(i.MX_USART3_UART_Init)
    i.MemManage_Handler                      0x080030c8   Section        0  stm32f4xx_it.o(i.MemManage_Handler)
    i.NMI_Handler                            0x080030cc   Section        0  stm32f4xx_it.o(i.NMI_Handler)
    i.PendSV_Handler                         0x080030ce   Section        0  stm32f4xx_it.o(i.PendSV_Handler)
    i.SVC_Handler                            0x080030d0   Section        0  stm32f4xx_it.o(i.SVC_Handler)
    i.SysTick_Handler                        0x080030d2   Section        0  stm32f4xx_it.o(i.SysTick_Handler)
    i.SystemInit                             0x080030dc   Section        0  system_stm32f4xx.o(i.SystemInit)
    i.TIM3_IRQHandler                        0x08003140   Section        0  stm32f4xx_it.o(i.TIM3_IRQHandler)
    i.TIM_Base_SetConfig                     0x08003150   Section        0  stm32f4xx_hal_tim.o(i.TIM_Base_SetConfig)
    i.TIM_CCxChannelCmd                      0x08003228   Section        0  stm32f4xx_hal_tim.o(i.TIM_CCxChannelCmd)
    i.TIM_ETR_SetConfig                      0x0800324a   Section        0  stm32f4xx_hal_tim.o(i.TIM_ETR_SetConfig)
    i.TIM_OC2_SetConfig                      0x08003260   Section        0  stm32f4xx_hal_tim.o(i.TIM_OC2_SetConfig)
    i.UART4_IRQHandler                       0x080032dc   Section        0  stm32f4xx_it.o(i.UART4_IRQHandler)
    i.USART1_IRQHandler                      0x080032ec   Section        0  stm32f4xx_it.o(i.USART1_IRQHandler)
    i.USART2_IRQHandler                      0x08003354   Section        0  stm32f4xx_it.o(i.USART2_IRQHandler)
    i.USART3_IRQHandler                      0x080033cc   Section        0  stm32f4xx_it.o(i.USART3_IRQHandler)
    i.UsageFault_Handler                     0x080033dc   Section        0  stm32f4xx_it.o(i.UsageFault_Handler)
    i._Z10VelControlv                        0x080033e0   Section        0  main.o(i._Z10VelControlv)
    i._Z18SystemClock_Configv                0x0800342c   Section        0  main.o(i._Z18SystemClock_Configv)
    i._Z20usart1_recv_callbackP20__UART_HandleTypeDef 0x080034e4   Section        0  main.o(i._Z20usart1_recv_callbackP20__UART_HandleTypeDef)
    i._Z20usart2_recv_callbackP20__UART_HandleTypeDef 0x080034e6   Section        0  main.o(i._Z20usart2_recv_callbackP20__UART_HandleTypeDef)
    i._Z27UART_InitCallbacksToDefaultP20__UART_HandleTypeDef 0x080034e8   Section        0  stm32f4xx_hal_uart.o(i._Z27UART_InitCallbacksToDefaultP20__UART_HandleTypeDef)
    i._Z8CheckSumPhh                         0x0800352c   Section        0  message.o(i._Z8CheckSumPhh)
    i._ZN10McNamm_ctl11McNamm_initEv         0x08003550   Section        0  mcnamm_ctl.o(i._ZN10McNamm_ctl11McNamm_initEv)
    i._ZN10McNamm_ctl16change_directionE8WheelNum9RotateDir 0x08003580   Section        0  mcnamm_ctl.o(i._ZN10McNamm_ctl16change_directionE8WheelNum9RotateDir)
    i._ZN10McNamm_ctl18Kinematic_AnalysisEfff 0x08003610   Section        0  mcnamm_ctl.o(i._ZN10McNamm_ctl18Kinematic_AnalysisEfff)
    i._ZN10McNamm_ctl18single_wheel_speedE8WheelNumt 0x08003804   Section        0  mcnamm_ctl.o(i._ZN10McNamm_ctl18single_wheel_speedE8WheelNumt)
    i._ZN10McNamm_ctl9Wheel_CtlEffff         0x080038d0   Section        0  mcnamm_ctl.o(i._ZN10McNamm_ctl9Wheel_CtlEffff)
    i._ZN10McNamm_ctlC1Ev                    0x08003a06   Section        0  mcnamm_ctl.o(i._ZN10McNamm_ctlC1Ev)
    i._ZN41_INTERNAL_19_stm32f4xx_hal_dma_c_c25f65ec13DMA_SetConfigEP19__DMA_HandleTypeDefjjj 0x08003a08   Section        0  stm32f4xx_hal_dma.o(i._ZN41_INTERNAL_19_stm32f4xx_hal_dma_c_c25f65ec13DMA_SetConfigEP19__DMA_HandleTypeDefjjj)
    [local to stm32f4xx_hal_dma_c]::DMA_SetConfig(__DMA_HandleTypeDef*, unsigned, unsigned, unsigned) 0x08003a09   Thumb Code    44  stm32f4xx_hal_dma.o(i._ZN41_INTERNAL_19_stm32f4xx_hal_dma_c_c25f65ec13DMA_SetConfigEP19__DMA_HandleTypeDefjjj)
    i._ZN41_INTERNAL_19_stm32f4xx_hal_dma_c_c25f65ec18DMA_CheckFifoParamEP19__DMA_HandleTypeDef 0x08003a34   Section        0  stm32f4xx_hal_dma.o(i._ZN41_INTERNAL_19_stm32f4xx_hal_dma_c_c25f65ec18DMA_CheckFifoParamEP19__DMA_HandleTypeDef)
    [local to stm32f4xx_hal_dma_c]::DMA_CheckFifoParam(__DMA_HandleTypeDef*) 0x08003a35   Thumb Code   170  stm32f4xx_hal_dma.o(i._ZN41_INTERNAL_19_stm32f4xx_hal_dma_c_c25f65ec18DMA_CheckFifoParamEP19__DMA_HandleTypeDef)
    i._ZN41_INTERNAL_19_stm32f4xx_hal_dma_c_c25f65ec23DMA_CalcBaseAndBitshiftEP19__DMA_HandleTypeDef 0x08003ae0   Section        0  stm32f4xx_hal_dma.o(i._ZN41_INTERNAL_19_stm32f4xx_hal_dma_c_c25f65ec23DMA_CalcBaseAndBitshiftEP19__DMA_HandleTypeDef)
    [local to stm32f4xx_hal_dma_c]::DMA_CalcBaseAndBitshift(__DMA_HandleTypeDef*) 0x08003ae1   Thumb Code    46  stm32f4xx_hal_dma.o(i._ZN41_INTERNAL_19_stm32f4xx_hal_dma_c_c25f65ec23DMA_CalcBaseAndBitshiftEP19__DMA_HandleTypeDef)
    i._ZN41_INTERNAL_19_stm32f4xx_hal_i2c_c_0eb271f411I2C_ITErrorEP19__I2C_HandleTypeDef 0x08003b14   Section        0  stm32f4xx_hal_i2c.o(i._ZN41_INTERNAL_19_stm32f4xx_hal_i2c_c_0eb271f411I2C_ITErrorEP19__I2C_HandleTypeDef)
    [local to stm32f4xx_hal_i2c_c]::I2C_ITError(__I2C_HandleTypeDef*) 0x08003b15   Thumb Code   378  stm32f4xx_hal_i2c.o(i._ZN41_INTERNAL_19_stm32f4xx_hal_i2c_c_0eb271f411I2C_ITErrorEP19__I2C_HandleTypeDef)
    i._ZN41_INTERNAL_19_stm32f4xx_hal_i2c_c_0eb271f412I2C_DMAAbortEP19__DMA_HandleTypeDef 0x08003c98   Section        0  stm32f4xx_hal_i2c.o(i._ZN41_INTERNAL_19_stm32f4xx_hal_i2c_c_0eb271f412I2C_DMAAbortEP19__DMA_HandleTypeDef)
    [local to stm32f4xx_hal_i2c_c]::I2C_DMAAbort(__DMA_HandleTypeDef*) 0x08003c99   Thumb Code   150  stm32f4xx_hal_i2c.o(i._ZN41_INTERNAL_19_stm32f4xx_hal_i2c_c_0eb271f412I2C_DMAAbortEP19__DMA_HandleTypeDef)
    i._ZN41_INTERNAL_19_stm32f4xx_hal_i2c_c_0eb271f412I2C_Slave_AFEP19__I2C_HandleTypeDef 0x08003d30   Section        0  stm32f4xx_hal_i2c.o(i._ZN41_INTERNAL_19_stm32f4xx_hal_i2c_c_0eb271f412I2C_Slave_AFEP19__I2C_HandleTypeDef)
    [local to stm32f4xx_hal_i2c_c]::I2C_Slave_AF(__I2C_HandleTypeDef*) 0x08003d31   Thumb Code   156  stm32f4xx_hal_i2c.o(i._ZN41_INTERNAL_19_stm32f4xx_hal_i2c_c_0eb271f412I2C_Slave_AFEP19__I2C_HandleTypeDef)
    i._ZN41_INTERNAL_19_stm32f4xx_hal_i2c_c_0eb271f413I2C_Master_SBEP19__I2C_HandleTypeDef 0x08003dd0   Section        0  stm32f4xx_hal_i2c.o(i._ZN41_INTERNAL_19_stm32f4xx_hal_i2c_c_0eb271f413I2C_Master_SBEP19__I2C_HandleTypeDef)
    [local to stm32f4xx_hal_i2c_c]::I2C_Master_SB(__I2C_HandleTypeDef*) 0x08003dd1   Thumb Code   158  stm32f4xx_hal_i2c.o(i._ZN41_INTERNAL_19_stm32f4xx_hal_i2c_c_0eb271f413I2C_Master_SBEP19__I2C_HandleTypeDef)
    i._ZN41_INTERNAL_19_stm32f4xx_hal_i2c_c_0eb271f414I2C_Slave_ADDREP19__I2C_HandleTypeDefj 0x08003e6e   Section        0  stm32f4xx_hal_i2c.o(i._ZN41_INTERNAL_19_stm32f4xx_hal_i2c_c_0eb271f414I2C_Slave_ADDREP19__I2C_HandleTypeDefj)
    [local to stm32f4xx_hal_i2c_c]::I2C_Slave_ADDR(__I2C_HandleTypeDef*, unsigned) 0x08003e6f   Thumb Code   102  stm32f4xx_hal_i2c.o(i._ZN41_INTERNAL_19_stm32f4xx_hal_i2c_c_0eb271f414I2C_Slave_ADDREP19__I2C_HandleTypeDefj)
    i._ZN41_INTERNAL_19_stm32f4xx_hal_i2c_c_0eb271f415I2C_Master_ADDREP19__I2C_HandleTypeDef 0x08003ed4   Section        0  stm32f4xx_hal_i2c.o(i._ZN41_INTERNAL_19_stm32f4xx_hal_i2c_c_0eb271f415I2C_Master_ADDREP19__I2C_HandleTypeDef)
    [local to stm32f4xx_hal_i2c_c]::I2C_Master_ADDR(__I2C_HandleTypeDef*) 0x08003ed5   Thumb Code   616  stm32f4xx_hal_i2c.o(i._ZN41_INTERNAL_19_stm32f4xx_hal_i2c_c_0eb271f415I2C_Master_ADDREP19__I2C_HandleTypeDef)
    i._ZN41_INTERNAL_19_stm32f4xx_hal_i2c_c_0eb271f415I2C_Slave_STOPFEP19__I2C_HandleTypeDef 0x0800413c   Section        0  stm32f4xx_hal_i2c.o(i._ZN41_INTERNAL_19_stm32f4xx_hal_i2c_c_0eb271f415I2C_Slave_STOPFEP19__I2C_HandleTypeDef)
    [local to stm32f4xx_hal_i2c_c]::I2C_Slave_STOPF(__I2C_HandleTypeDef*) 0x0800413d   Thumb Code   386  stm32f4xx_hal_i2c.o(i._ZN41_INTERNAL_19_stm32f4xx_hal_i2c_c_0eb271f415I2C_Slave_STOPFEP19__I2C_HandleTypeDef)
    i._ZN41_INTERNAL_19_stm32f4xx_hal_i2c_c_0eb271f416I2C_Master_ADD10EP19__I2C_HandleTypeDef 0x080042c8   Section        0  stm32f4xx_hal_i2c.o(i._ZN41_INTERNAL_19_stm32f4xx_hal_i2c_c_0eb271f416I2C_Master_ADD10EP19__I2C_HandleTypeDef)
    [local to stm32f4xx_hal_i2c_c]::I2C_Master_ADD10(__I2C_HandleTypeDef*) 0x080042c9   Thumb Code    42  stm32f4xx_hal_i2c.o(i._ZN41_INTERNAL_19_stm32f4xx_hal_i2c_c_0eb271f416I2C_Master_ADD10EP19__I2C_HandleTypeDef)
    i._ZN41_INTERNAL_19_stm32f4xx_hal_i2c_c_0eb271f420I2C_SlaveReceive_BTFEP19__I2C_HandleTypeDef 0x080042f2   Section        0  stm32f4xx_hal_i2c.o(i._ZN41_INTERNAL_19_stm32f4xx_hal_i2c_c_0eb271f420I2C_SlaveReceive_BTFEP19__I2C_HandleTypeDef)
    [local to stm32f4xx_hal_i2c_c]::I2C_SlaveReceive_BTF(__I2C_HandleTypeDef*) 0x080042f3   Thumb Code    26  stm32f4xx_hal_i2c.o(i._ZN41_INTERNAL_19_stm32f4xx_hal_i2c_c_0eb271f420I2C_SlaveReceive_BTFEP19__I2C_HandleTypeDef)
    i._ZN41_INTERNAL_19_stm32f4xx_hal_i2c_c_0eb271f421I2C_MasterReceive_BTFEP19__I2C_HandleTypeDef 0x0800430c   Section        0  stm32f4xx_hal_i2c.o(i._ZN41_INTERNAL_19_stm32f4xx_hal_i2c_c_0eb271f421I2C_MasterReceive_BTFEP19__I2C_HandleTypeDef)
    [local to stm32f4xx_hal_i2c_c]::I2C_MasterReceive_BTF(__I2C_HandleTypeDef*) 0x0800430d   Thumb Code   294  stm32f4xx_hal_i2c.o(i._ZN41_INTERNAL_19_stm32f4xx_hal_i2c_c_0eb271f421I2C_MasterReceive_BTFEP19__I2C_HandleTypeDef)
    i._ZN41_INTERNAL_19_stm32f4xx_hal_i2c_c_0eb271f421I2C_SlaveReceive_RXNEEP19__I2C_HandleTypeDef 0x08004432   Section        0  stm32f4xx_hal_i2c.o(i._ZN41_INTERNAL_19_stm32f4xx_hal_i2c_c_0eb271f421I2C_SlaveReceive_RXNEEP19__I2C_HandleTypeDef)
    [local to stm32f4xx_hal_i2c_c]::I2C_SlaveReceive_RXNE(__I2C_HandleTypeDef*) 0x08004433   Thumb Code    70  stm32f4xx_hal_i2c.o(i._ZN41_INTERNAL_19_stm32f4xx_hal_i2c_c_0eb271f421I2C_SlaveReceive_RXNEEP19__I2C_HandleTypeDef)
    i._ZN41_INTERNAL_19_stm32f4xx_hal_i2c_c_0eb271f421I2C_SlaveTransmit_BTFEP19__I2C_HandleTypeDef 0x08004478   Section        0  stm32f4xx_hal_i2c.o(i._ZN41_INTERNAL_19_stm32f4xx_hal_i2c_c_0eb271f421I2C_SlaveTransmit_BTFEP19__I2C_HandleTypeDef)
    [local to stm32f4xx_hal_i2c_c]::I2C_SlaveTransmit_BTF(__I2C_HandleTypeDef*) 0x08004479   Thumb Code    26  stm32f4xx_hal_i2c.o(i._ZN41_INTERNAL_19_stm32f4xx_hal_i2c_c_0eb271f421I2C_SlaveTransmit_BTFEP19__I2C_HandleTypeDef)
    i._ZN41_INTERNAL_19_stm32f4xx_hal_i2c_c_0eb271f421I2C_SlaveTransmit_TXEEP19__I2C_HandleTypeDef 0x08004492   Section        0  stm32f4xx_hal_i2c.o(i._ZN41_INTERNAL_19_stm32f4xx_hal_i2c_c_0eb271f421I2C_SlaveTransmit_TXEEP19__I2C_HandleTypeDef)
    [local to stm32f4xx_hal_i2c_c]::I2C_SlaveTransmit_TXE(__I2C_HandleTypeDef*) 0x08004493   Thumb Code    70  stm32f4xx_hal_i2c.o(i._ZN41_INTERNAL_19_stm32f4xx_hal_i2c_c_0eb271f421I2C_SlaveTransmit_TXEEP19__I2C_HandleTypeDef)
    i._ZN41_INTERNAL_19_stm32f4xx_hal_i2c_c_0eb271f422I2C_MasterReceive_RXNEEP19__I2C_HandleTypeDef 0x080044d8   Section        0  stm32f4xx_hal_i2c.o(i._ZN41_INTERNAL_19_stm32f4xx_hal_i2c_c_0eb271f422I2C_MasterReceive_RXNEEP19__I2C_HandleTypeDef)
    [local to stm32f4xx_hal_i2c_c]::I2C_MasterReceive_RXNE(__I2C_HandleTypeDef*) 0x080044d9   Thumb Code   164  stm32f4xx_hal_i2c.o(i._ZN41_INTERNAL_19_stm32f4xx_hal_i2c_c_0eb271f422I2C_MasterReceive_RXNEEP19__I2C_HandleTypeDef)
    i._ZN41_INTERNAL_19_stm32f4xx_hal_i2c_c_0eb271f422I2C_MasterTransmit_BTFEP19__I2C_HandleTypeDef 0x0800457c   Section        0  stm32f4xx_hal_i2c.o(i._ZN41_INTERNAL_19_stm32f4xx_hal_i2c_c_0eb271f422I2C_MasterTransmit_BTFEP19__I2C_HandleTypeDef)
    [local to stm32f4xx_hal_i2c_c]::I2C_MasterTransmit_BTF(__I2C_HandleTypeDef*) 0x0800457d   Thumb Code   160  stm32f4xx_hal_i2c.o(i._ZN41_INTERNAL_19_stm32f4xx_hal_i2c_c_0eb271f422I2C_MasterTransmit_BTFEP19__I2C_HandleTypeDef)
    i._ZN41_INTERNAL_19_stm32f4xx_hal_i2c_c_0eb271f422I2C_MasterTransmit_TXEEP19__I2C_HandleTypeDef 0x0800461c   Section        0  stm32f4xx_hal_i2c.o(i._ZN41_INTERNAL_19_stm32f4xx_hal_i2c_c_0eb271f422I2C_MasterTransmit_TXEEP19__I2C_HandleTypeDef)
    [local to stm32f4xx_hal_i2c_c]::I2C_MasterTransmit_TXE(__I2C_HandleTypeDef*) 0x0800461d   Thumb Code   332  stm32f4xx_hal_i2c.o(i._ZN41_INTERNAL_19_stm32f4xx_hal_i2c_c_0eb271f422I2C_MasterTransmit_TXEEP19__I2C_HandleTypeDef)
    i._ZN41_INTERNAL_19_stm32f4xx_hal_i2c_c_0eb271f427I2C_ConvertOtherXferOptionsEP19__I2C_HandleTypeDef 0x08004768   Section        0  stm32f4xx_hal_i2c.o(i._ZN41_INTERNAL_19_stm32f4xx_hal_i2c_c_0eb271f427I2C_ConvertOtherXferOptionsEP19__I2C_HandleTypeDef)
    [local to stm32f4xx_hal_i2c_c]::I2C_ConvertOtherXferOptions(__I2C_HandleTypeDef*) 0x08004769   Thumb Code    28  stm32f4xx_hal_i2c.o(i._ZN41_INTERNAL_19_stm32f4xx_hal_i2c_c_0eb271f427I2C_ConvertOtherXferOptionsEP19__I2C_HandleTypeDef)
    i._ZN41_INTERNAL_19_stm32f4xx_hal_tim_c_a9d95b5217TIM_OC1_SetConfigEP11TIM_TypeDefP18TIM_OC_InitTypeDef 0x08004784   Section        0  stm32f4xx_hal_tim.o(i._ZN41_INTERNAL_19_stm32f4xx_hal_tim_c_a9d95b5217TIM_OC1_SetConfigEP11TIM_TypeDefP18TIM_OC_InitTypeDef)
    [local to stm32f4xx_hal_tim_c]::TIM_OC1_SetConfig(TIM_TypeDef*, TIM_OC_InitTypeDef*) 0x08004785   Thumb Code   104  stm32f4xx_hal_tim.o(i._ZN41_INTERNAL_19_stm32f4xx_hal_tim_c_a9d95b5217TIM_OC1_SetConfigEP11TIM_TypeDefP18TIM_OC_InitTypeDef)
    i._ZN41_INTERNAL_19_stm32f4xx_hal_tim_c_a9d95b5217TIM_OC3_SetConfigEP11TIM_TypeDefP18TIM_OC_InitTypeDef 0x080047f4   Section        0  stm32f4xx_hal_tim.o(i._ZN41_INTERNAL_19_stm32f4xx_hal_tim_c_a9d95b5217TIM_OC3_SetConfigEP11TIM_TypeDefP18TIM_OC_InitTypeDef)
    [local to stm32f4xx_hal_tim_c]::TIM_OC3_SetConfig(TIM_TypeDef*, TIM_OC_InitTypeDef*) 0x080047f5   Thumb Code   112  stm32f4xx_hal_tim.o(i._ZN41_INTERNAL_19_stm32f4xx_hal_tim_c_a9d95b5217TIM_OC3_SetConfigEP11TIM_TypeDefP18TIM_OC_InitTypeDef)
    i._ZN41_INTERNAL_19_stm32f4xx_hal_tim_c_a9d95b5217TIM_OC4_SetConfigEP11TIM_TypeDefP18TIM_OC_InitTypeDef 0x0800486c   Section        0  stm32f4xx_hal_tim.o(i._ZN41_INTERNAL_19_stm32f4xx_hal_tim_c_a9d95b5217TIM_OC4_SetConfigEP11TIM_TypeDefP18TIM_OC_InitTypeDef)
    [local to stm32f4xx_hal_tim_c]::TIM_OC4_SetConfig(TIM_TypeDef*, TIM_OC_InitTypeDef*) 0x0800486d   Thumb Code    74  stm32f4xx_hal_tim.o(i._ZN41_INTERNAL_19_stm32f4xx_hal_tim_c_a9d95b5217TIM_OC4_SetConfigEP11TIM_TypeDefP18TIM_OC_InitTypeDef)
    i._ZN41_INTERNAL_19_stm32f4xx_hal_tim_c_a9d95b5218TIM_ITRx_SetConfigEP11TIM_TypeDefj 0x080048c0   Section        0  stm32f4xx_hal_tim.o(i._ZN41_INTERNAL_19_stm32f4xx_hal_tim_c_a9d95b5218TIM_ITRx_SetConfigEP11TIM_TypeDefj)
    [local to stm32f4xx_hal_tim_c]::TIM_ITRx_SetConfig(TIM_TypeDef*, unsigned) 0x080048c1   Thumb Code    18  stm32f4xx_hal_tim.o(i._ZN41_INTERNAL_19_stm32f4xx_hal_tim_c_a9d95b5218TIM_ITRx_SetConfigEP11TIM_TypeDefj)
    i._ZN41_INTERNAL_19_stm32f4xx_hal_tim_c_a9d95b5224TIM_TI1_ConfigInputStageEP11TIM_TypeDefjj 0x080048d2   Section        0  stm32f4xx_hal_tim.o(i._ZN41_INTERNAL_19_stm32f4xx_hal_tim_c_a9d95b5224TIM_TI1_ConfigInputStageEP11TIM_TypeDefjj)
    [local to stm32f4xx_hal_tim_c]::TIM_TI1_ConfigInputStage(TIM_TypeDef*, unsigned, unsigned) 0x080048d3   Thumb Code    38  stm32f4xx_hal_tim.o(i._ZN41_INTERNAL_19_stm32f4xx_hal_tim_c_a9d95b5224TIM_TI1_ConfigInputStageEP11TIM_TypeDefjj)
    i._ZN41_INTERNAL_19_stm32f4xx_hal_tim_c_a9d95b5224TIM_TI2_ConfigInputStageEP11TIM_TypeDefjj 0x080048f8   Section        0  stm32f4xx_hal_tim.o(i._ZN41_INTERNAL_19_stm32f4xx_hal_tim_c_a9d95b5224TIM_TI2_ConfigInputStageEP11TIM_TypeDefjj)
    [local to stm32f4xx_hal_tim_c]::TIM_TI2_ConfigInputStage(TIM_TypeDef*, unsigned, unsigned) 0x080048f9   Thumb Code    40  stm32f4xx_hal_tim.o(i._ZN41_INTERNAL_19_stm32f4xx_hal_tim_c_a9d95b5224TIM_TI2_ConfigInputStageEP11TIM_TypeDefjj)
    i._ZN42_INTERNAL_20_stm32f4xx_hal_uart_c_d497114f13UART_DMAErrorEP19__DMA_HandleTypeDef 0x08004920   Section        0  stm32f4xx_hal_uart.o(i._ZN42_INTERNAL_20_stm32f4xx_hal_uart_c_d497114f13UART_DMAErrorEP19__DMA_HandleTypeDef)
    [local to stm32f4xx_hal_uart_c]::UART_DMAError(__DMA_HandleTypeDef*) 0x08004921   Thumb Code    80  stm32f4xx_hal_uart.o(i._ZN42_INTERNAL_20_stm32f4xx_hal_uart_c_d497114f13UART_DMAErrorEP19__DMA_HandleTypeDef)
    i._ZN42_INTERNAL_20_stm32f4xx_hal_uart_c_d497114f14UART_SetConfigEP20__UART_HandleTypeDef 0x08004970   Section        0  stm32f4xx_hal_uart.o(i._ZN42_INTERNAL_20_stm32f4xx_hal_uart_c_d497114f14UART_SetConfigEP20__UART_HandleTypeDef)
    [local to stm32f4xx_hal_uart_c]::UART_SetConfig(__UART_HandleTypeDef*) 0x08004971   Thumb Code   864  stm32f4xx_hal_uart.o(i._ZN42_INTERNAL_20_stm32f4xx_hal_uart_c_d497114f14UART_SetConfigEP20__UART_HandleTypeDef)
    i._ZN42_INTERNAL_20_stm32f4xx_hal_uart_c_d497114f15UART_Receive_ITEP20__UART_HandleTypeDef 0x08004cd8   Section        0  stm32f4xx_hal_uart.o(i._ZN42_INTERNAL_20_stm32f4xx_hal_uart_c_d497114f15UART_Receive_ITEP20__UART_HandleTypeDef)
    [local to stm32f4xx_hal_uart_c]::UART_Receive_IT(__UART_HandleTypeDef*) 0x08004cd9   Thumb Code   166  stm32f4xx_hal_uart.o(i._ZN42_INTERNAL_20_stm32f4xx_hal_uart_c_d497114f15UART_Receive_ITEP20__UART_HandleTypeDef)
    i._ZN42_INTERNAL_20_stm32f4xx_hal_uart_c_d497114f16UART_Transmit_ITEP20__UART_HandleTypeDef 0x08004d7e   Section        0  stm32f4xx_hal_uart.o(i._ZN42_INTERNAL_20_stm32f4xx_hal_uart_c_d497114f16UART_Transmit_ITEP20__UART_HandleTypeDef)
    [local to stm32f4xx_hal_uart_c]::UART_Transmit_IT(__UART_HandleTypeDef*) 0x08004d7f   Thumb Code   104  stm32f4xx_hal_uart.o(i._ZN42_INTERNAL_20_stm32f4xx_hal_uart_c_d497114f16UART_Transmit_ITEP20__UART_HandleTypeDef)
    i._ZN42_INTERNAL_20_stm32f4xx_hal_uart_c_d497114f18UART_DMARxHalfCpltEP19__DMA_HandleTypeDef 0x08004de6   Section        0  stm32f4xx_hal_uart.o(i._ZN42_INTERNAL_20_stm32f4xx_hal_uart_c_d497114f18UART_DMARxHalfCpltEP19__DMA_HandleTypeDef)
    [local to stm32f4xx_hal_uart_c]::UART_DMARxHalfCplt(__DMA_HandleTypeDef*) 0x08004de7   Thumb Code    14  stm32f4xx_hal_uart.o(i._ZN42_INTERNAL_20_stm32f4xx_hal_uart_c_d497114f18UART_DMARxHalfCpltEP19__DMA_HandleTypeDef)
    i._ZN42_INTERNAL_20_stm32f4xx_hal_uart_c_d497114f18UART_EndRxTransferEP20__UART_HandleTypeDef 0x08004df4   Section        0  stm32f4xx_hal_uart.o(i._ZN42_INTERNAL_20_stm32f4xx_hal_uart_c_d497114f18UART_EndRxTransferEP20__UART_HandleTypeDef)
    [local to stm32f4xx_hal_uart_c]::UART_EndRxTransfer(__UART_HandleTypeDef*) 0x08004df5   Thumb Code    32  stm32f4xx_hal_uart.o(i._ZN42_INTERNAL_20_stm32f4xx_hal_uart_c_d497114f18UART_EndRxTransferEP20__UART_HandleTypeDef)
    i._ZN42_INTERNAL_20_stm32f4xx_hal_uart_c_d497114f18UART_EndTxTransferEP20__UART_HandleTypeDef 0x08004e14   Section        0  stm32f4xx_hal_uart.o(i._ZN42_INTERNAL_20_stm32f4xx_hal_uart_c_d497114f18UART_EndTxTransferEP20__UART_HandleTypeDef)
    [local to stm32f4xx_hal_uart_c]::UART_EndTxTransfer(__UART_HandleTypeDef*) 0x08004e15   Thumb Code    20  stm32f4xx_hal_uart.o(i._ZN42_INTERNAL_20_stm32f4xx_hal_uart_c_d497114f18UART_EndTxTransferEP20__UART_HandleTypeDef)
    i._ZN42_INTERNAL_20_stm32f4xx_hal_uart_c_d497114f19UART_DMAReceiveCpltEP19__DMA_HandleTypeDef 0x08004e28   Section        0  stm32f4xx_hal_uart.o(i._ZN42_INTERNAL_20_stm32f4xx_hal_uart_c_d497114f19UART_DMAReceiveCpltEP19__DMA_HandleTypeDef)
    [local to stm32f4xx_hal_uart_c]::UART_DMAReceiveCplt(__DMA_HandleTypeDef*) 0x08004e29   Thumb Code    70  stm32f4xx_hal_uart.o(i._ZN42_INTERNAL_20_stm32f4xx_hal_uart_c_d497114f19UART_DMAReceiveCpltEP19__DMA_HandleTypeDef)
    i._ZN42_INTERNAL_20_stm32f4xx_hal_uart_c_d497114f19UART_EndTransmit_ITEP20__UART_HandleTypeDef 0x08004e6e   Section        0  stm32f4xx_hal_uart.o(i._ZN42_INTERNAL_20_stm32f4xx_hal_uart_c_d497114f19UART_EndTransmit_ITEP20__UART_HandleTypeDef)
    [local to stm32f4xx_hal_uart_c]::UART_EndTransmit_IT(__UART_HandleTypeDef*) 0x08004e6f   Thumb Code    32  stm32f4xx_hal_uart.o(i._ZN42_INTERNAL_20_stm32f4xx_hal_uart_c_d497114f19UART_EndTransmit_ITEP20__UART_HandleTypeDef)
    i._ZN42_INTERNAL_20_stm32f4xx_hal_uart_c_d497114f20UART_DMAAbortOnErrorEP19__DMA_HandleTypeDef 0x08004e8e   Section        0  stm32f4xx_hal_uart.o(i._ZN42_INTERNAL_20_stm32f4xx_hal_uart_c_d497114f20UART_DMAAbortOnErrorEP19__DMA_HandleTypeDef)
    [local to stm32f4xx_hal_uart_c]::UART_DMAAbortOnError(__DMA_HandleTypeDef*) 0x08004e8f   Thumb Code    20  stm32f4xx_hal_uart.o(i._ZN42_INTERNAL_20_stm32f4xx_hal_uart_c_d497114f20UART_DMAAbortOnErrorEP19__DMA_HandleTypeDef)
    i._ZN42_INTERNAL_20_stm32f4xx_hal_uart_c_d497114f27UART_WaitOnFlagUntilTimeoutEP20__UART_HandleTypeDefj10FlagStatusjj 0x08004ea2   Section        0  stm32f4xx_hal_uart.o(i._ZN42_INTERNAL_20_stm32f4xx_hal_uart_c_d497114f27UART_WaitOnFlagUntilTimeoutEP20__UART_HandleTypeDefj10FlagStatusjj)
    [local to stm32f4xx_hal_uart_c]::UART_WaitOnFlagUntilTimeout(__UART_HandleTypeDef*, unsigned, FlagStatus, unsigned, unsigned) 0x08004ea3   Thumb Code   108  stm32f4xx_hal_uart.o(i._ZN42_INTERNAL_20_stm32f4xx_hal_uart_c_d497114f27UART_WaitOnFlagUntilTimeoutEP20__UART_HandleTypeDefj10FlagStatusjj)
    i._ZN44_INTERNAL_22_stm32f4xx_hal_cortex_c_2992dbc018__NVIC_SetPriorityE9IRQn_Typej 0x08004f10   Section        0  stm32f4xx_hal_cortex.o(i._ZN44_INTERNAL_22_stm32f4xx_hal_cortex_c_2992dbc018__NVIC_SetPriorityE9IRQn_Typej)
    [local to stm32f4xx_hal_cortex_c]::__NVIC_SetPriority(IRQn_Type, unsigned) 0x08004f11   Thumb Code    32  stm32f4xx_hal_cortex.o(i._ZN44_INTERNAL_22_stm32f4xx_hal_cortex_c_2992dbc018__NVIC_SetPriorityE9IRQn_Typej)
    i._ZN44_INTERNAL_22_stm32f4xx_hal_cortex_c_2992dbc026__NVIC_GetPriorityGroupingEv 0x08004f38   Section        0  stm32f4xx_hal_cortex.o(i._ZN44_INTERNAL_22_stm32f4xx_hal_cortex_c_2992dbc026__NVIC_GetPriorityGroupingEv)
    [local to stm32f4xx_hal_cortex_c]::__NVIC_GetPriorityGrouping() 0x08004f39   Thumb Code    10  stm32f4xx_hal_cortex.o(i._ZN44_INTERNAL_22_stm32f4xx_hal_cortex_c_2992dbc026__NVIC_GetPriorityGroupingEv)
    i._ZN7Message5ParseEPhh                  0x08004f48   Section        0  message.o(i._ZN7Message5ParseEPhh)
    i._ZN7MessageC1Ev                        0x08004fe4   Section        0  message.o(i._ZN7MessageC1Ev)
    i.__0printf$1                            0x08004fe8   Section        0  printf1.o(i.__0printf$1)
    i.__scatterload_copy                     0x08005008   Section       14  handlers.o(i.__scatterload_copy)
    i.__scatterload_null                     0x08005016   Section        2  handlers.o(i.__scatterload_null)
    i.__scatterload_zeroinit                 0x08005018   Section       14  handlers.o(i.__scatterload_zeroinit)
    i.__sti___8_main_cpp_9549bb47            0x08005028   Section        0  main.o(i.__sti___8_main_cpp_9549bb47)
    __sti___8_main_cpp_9549bb47              0x08005029   Thumb Code    16  main.o(i.__sti___8_main_cpp_9549bb47)
    i._printf_core                           0x08005040   Section        0  printf1.o(i._printf_core)
    _printf_core                             0x08005041   Thumb Code   336  printf1.o(i._printf_core)
    i.fputc                                  0x08005194   Section        0  usart.o(i.fputc)
    i.main                                   0x080051ac   Section        0  main.o(i.main)
    i.malloc                                 0x08005238   Section        0  malloc.o(i.malloc)
    .constdata                               0x080052a4   Section        8  stm32f4xx_hal_dma.o(.constdata)
    [local to stm32f4xx_hal_dma_c]::DMA_CalcBaseAndBitshift(__DMA_HandleTypeDef*)::flagBitshiftOffset 0x080052a4   Data           8  stm32f4xx_hal_dma.o(.constdata)
    .constdata                               0x080052ac   Section       24  system_stm32f4xx.o(.constdata)
    .init_array                              0x080052e4   Section        4  main.o(.init_array)
    .init_array                              0x080052e8   Section        0  cpp_init.o(.init_array)
    .data                                    0x20000000   Section        6  main.o(.data)
    .data                                    0x20000008   Section        9  stm32f4xx_hal.o(.data)
    .data                                    0x20000014   Section        4  system_stm32f4xx.o(.data)
    .data                                    0x20000018   Section       96  mcnamm_ctl.o(.data)
    .data                                    0x20000078   Section        4  stdout.o(.data)
    .data                                    0x2000007c   Section        4  mvars.o(.data)
    .data                                    0x20000080   Section        4  mvars.o(.data)
    .bss                                     0x20000084   Section      276  i2c.o(.bss)
    .bss                                     0x20000198   Section       64  tim.o(.bss)
    .bss                                     0x200001d8   Section     1200  usart.o(.bss)
    HEAP                                     0x20000688   Section      512  startup_stm32f407xx.o(HEAP)
    STACK                                    0x20000888   Section     1024  startup_stm32f407xx.o(STACK)

    Global Symbols

    Symbol Name                              Value     Ov Type        Size  Object(Section)

    BuildAttributes$$THM_ISAv4$E$P$D$K$B$S$7EM$VFPi3$EXTD16$VFPS$VFMA$PE$A:L22UL41UL21$X:L11$S22US41US21$IEEE1$IW$USESV6$~STKCKD$USESV7$~SHL$OTIME$ROPI$EBA8$MICROLIB$REQ8$PRES8$EABIv2 0x00000000   Number         0  anon$$obj.o ABSOLUTE
    __ARM_use_no_argv                        0x00000000   Number         0  main.o ABSOLUTE
    _printf_a                                0x00000000   Number         0  stubs.o ABSOLUTE
    _printf_c                                0x00000000   Number         0  stubs.o ABSOLUTE
    _printf_charcount                        0x00000000   Number         0  stubs.o ABSOLUTE
    _printf_d                                0x00000000   Number         0  stubs.o ABSOLUTE
    _printf_e                                0x00000000   Number         0  stubs.o ABSOLUTE
    _printf_f                                0x00000000   Number         0  stubs.o ABSOLUTE
    _printf_flags                            0x00000000   Number         0  stubs.o ABSOLUTE
    _printf_fp_dec                           0x00000000   Number         0  stubs.o ABSOLUTE
    _printf_fp_hex                           0x00000000   Number         0  stubs.o ABSOLUTE
    _printf_g                                0x00000000   Number         0  stubs.o ABSOLUTE
    _printf_i                                0x00000000   Number         0  stubs.o ABSOLUTE
    _printf_int_dec                          0x00000000   Number         0  stubs.o ABSOLUTE
    _printf_l                                0x00000000   Number         0  stubs.o ABSOLUTE
    _printf_lc                               0x00000000   Number         0  stubs.o ABSOLUTE
    _printf_ll                               0x00000000   Number         0  stubs.o ABSOLUTE
    _printf_lld                              0x00000000   Number         0  stubs.o ABSOLUTE
    _printf_lli                              0x00000000   Number         0  stubs.o ABSOLUTE
    _printf_llo                              0x00000000   Number         0  stubs.o ABSOLUTE
    _printf_llu                              0x00000000   Number         0  stubs.o ABSOLUTE
    _printf_llx                              0x00000000   Number         0  stubs.o ABSOLUTE
    _printf_longlong_dec                     0x00000000   Number         0  stubs.o ABSOLUTE
    _printf_longlong_hex                     0x00000000   Number         0  stubs.o ABSOLUTE
    _printf_longlong_oct                     0x00000000   Number         0  stubs.o ABSOLUTE
    _printf_ls                               0x00000000   Number         0  stubs.o ABSOLUTE
    _printf_mbtowc                           0x00000000   Number         0  stubs.o ABSOLUTE
    _printf_n                                0x00000000   Number         0  stubs.o ABSOLUTE
    _printf_o                                0x00000000   Number         0  stubs.o ABSOLUTE
    _printf_p                                0x00000000   Number         0  stubs.o ABSOLUTE
    _printf_percent                          0x00000000   Number         0  stubs.o ABSOLUTE
    _printf_pre_padding                      0x00000000   Number         0  stubs.o ABSOLUTE
    _printf_return_value                     0x00000000   Number         0  stubs.o ABSOLUTE
    _printf_s                                0x00000000   Number         0  stubs.o ABSOLUTE
    _printf_sizespec                         0x00000000   Number         0  stubs.o ABSOLUTE
    _printf_str                              0x00000000   Number         0  stubs.o ABSOLUTE
    _printf_truncate_signed                  0x00000000   Number         0  stubs.o ABSOLUTE
    _printf_truncate_unsigned                0x00000000   Number         0  stubs.o ABSOLUTE
    _printf_u                                0x00000000   Number         0  stubs.o ABSOLUTE
    _printf_wc                               0x00000000   Number         0  stubs.o ABSOLUTE
    _printf_wctomb                           0x00000000   Number         0  stubs.o ABSOLUTE
    _printf_widthprec                        0x00000000   Number         0  stubs.o ABSOLUTE
    _printf_x                                0x00000000   Number         0  stubs.o ABSOLUTE
    __cxa_finalize                            - Undefined Weak Reference
    __decompress                              - Undefined Weak Reference
    _clock_init                               - Undefined Weak Reference
    _microlib_exit                            - Undefined Weak Reference
    __Vectors_Size                           0x00000188   Number         0  startup_stm32f407xx.o ABSOLUTE
    __Vectors                                0x08000000   Data           4  startup_stm32f407xx.o(RESET)
    __Vectors_End                            0x08000188   Data           0  startup_stm32f407xx.o(RESET)
    __main                                   0x08000189   Thumb Code     0  entry.o(.ARM.Collect$$$$00000000)
    _main_stk                                0x08000189   Thumb Code     0  entry2.o(.ARM.Collect$$$$00000001)
    _main_scatterload                        0x0800018d   Thumb Code     0  entry5.o(.ARM.Collect$$$$00000004)
    __main_after_scatterload                 0x08000191   Thumb Code     0  entry5.o(.ARM.Collect$$$$00000004)
    _main_clock                              0x08000191   Thumb Code     0  entry7b.o(.ARM.Collect$$$$00000008)
    _main_cpp_init$empty                     0x08000191   Thumb Code     0  entry8a.o(.ARM.Collect$$$$00000009)
    _main_cpp_init                           0x08000195   Thumb Code     0  entry8b.o(.ARM.Collect$$$$0000000A)
    _main_init                               0x08000195   Thumb Code     0  entry9a.o(.ARM.Collect$$$$0000000B)
    __rt_final_cpp                           0x0800019d   Thumb Code     0  entry10a.o(.ARM.Collect$$$$0000000D)
    __rt_final_exit                          0x0800019d   Thumb Code     0  entry11a.o(.ARM.Collect$$$$0000000F)
    Reset_Handler                            0x080001a1   Thumb Code     8  startup_stm32f407xx.o(.text)
    ADC_IRQHandler                           0x080001bb   Thumb Code     0  startup_stm32f407xx.o(.text)
    CAN1_RX0_IRQHandler                      0x080001bb   Thumb Code     0  startup_stm32f407xx.o(.text)
    CAN1_RX1_IRQHandler                      0x080001bb   Thumb Code     0  startup_stm32f407xx.o(.text)
    CAN1_SCE_IRQHandler                      0x080001bb   Thumb Code     0  startup_stm32f407xx.o(.text)
    CAN1_TX_IRQHandler                       0x080001bb   Thumb Code     0  startup_stm32f407xx.o(.text)
    CAN2_RX0_IRQHandler                      0x080001bb   Thumb Code     0  startup_stm32f407xx.o(.text)
    CAN2_RX1_IRQHandler                      0x080001bb   Thumb Code     0  startup_stm32f407xx.o(.text)
    CAN2_SCE_IRQHandler                      0x080001bb   Thumb Code     0  startup_stm32f407xx.o(.text)
    CAN2_TX_IRQHandler                       0x080001bb   Thumb Code     0  startup_stm32f407xx.o(.text)
    DCMI_IRQHandler                          0x080001bb   Thumb Code     0  startup_stm32f407xx.o(.text)
    DMA2_Stream0_IRQHandler                  0x080001bb   Thumb Code     0  startup_stm32f407xx.o(.text)
    DMA2_Stream1_IRQHandler                  0x080001bb   Thumb Code     0  startup_stm32f407xx.o(.text)
    DMA2_Stream3_IRQHandler                  0x080001bb   Thumb Code     0  startup_stm32f407xx.o(.text)
    DMA2_Stream4_IRQHandler                  0x080001bb   Thumb Code     0  startup_stm32f407xx.o(.text)
    DMA2_Stream5_IRQHandler                  0x080001bb   Thumb Code     0  startup_stm32f407xx.o(.text)
    DMA2_Stream6_IRQHandler                  0x080001bb   Thumb Code     0  startup_stm32f407xx.o(.text)
    ETH_IRQHandler                           0x080001bb   Thumb Code     0  startup_stm32f407xx.o(.text)
    ETH_WKUP_IRQHandler                      0x080001bb   Thumb Code     0  startup_stm32f407xx.o(.text)
    EXTI0_IRQHandler                         0x080001bb   Thumb Code     0  startup_stm32f407xx.o(.text)
    EXTI15_10_IRQHandler                     0x080001bb   Thumb Code     0  startup_stm32f407xx.o(.text)
    EXTI1_IRQHandler                         0x080001bb   Thumb Code     0  startup_stm32f407xx.o(.text)
    EXTI2_IRQHandler                         0x080001bb   Thumb Code     0  startup_stm32f407xx.o(.text)
    EXTI3_IRQHandler                         0x080001bb   Thumb Code     0  startup_stm32f407xx.o(.text)
    EXTI4_IRQHandler                         0x080001bb   Thumb Code     0  startup_stm32f407xx.o(.text)
    EXTI9_5_IRQHandler                       0x080001bb   Thumb Code     0  startup_stm32f407xx.o(.text)
    FLASH_IRQHandler                         0x080001bb   Thumb Code     0  startup_stm32f407xx.o(.text)
    FMC_IRQHandler                           0x080001bb   Thumb Code     0  startup_stm32f407xx.o(.text)
    FPU_IRQHandler                           0x080001bb   Thumb Code     0  startup_stm32f407xx.o(.text)
    HASH_RNG_IRQHandler                      0x080001bb   Thumb Code     0  startup_stm32f407xx.o(.text)
    I2C2_ER_IRQHandler                       0x080001bb   Thumb Code     0  startup_stm32f407xx.o(.text)
    I2C2_EV_IRQHandler                       0x080001bb   Thumb Code     0  startup_stm32f407xx.o(.text)
    I2C3_ER_IRQHandler                       0x080001bb   Thumb Code     0  startup_stm32f407xx.o(.text)
    I2C3_EV_IRQHandler                       0x080001bb   Thumb Code     0  startup_stm32f407xx.o(.text)
    OTG_FS_IRQHandler                        0x080001bb   Thumb Code     0  startup_stm32f407xx.o(.text)
    OTG_FS_WKUP_IRQHandler                   0x080001bb   Thumb Code     0  startup_stm32f407xx.o(.text)
    OTG_HS_EP1_IN_IRQHandler                 0x080001bb   Thumb Code     0  startup_stm32f407xx.o(.text)
    OTG_HS_EP1_OUT_IRQHandler                0x080001bb   Thumb Code     0  startup_stm32f407xx.o(.text)
    OTG_HS_IRQHandler                        0x080001bb   Thumb Code     0  startup_stm32f407xx.o(.text)
    OTG_HS_WKUP_IRQHandler                   0x080001bb   Thumb Code     0  startup_stm32f407xx.o(.text)
    PVD_IRQHandler                           0x080001bb   Thumb Code     0  startup_stm32f407xx.o(.text)
    RCC_IRQHandler                           0x080001bb   Thumb Code     0  startup_stm32f407xx.o(.text)
    RTC_Alarm_IRQHandler                     0x080001bb   Thumb Code     0  startup_stm32f407xx.o(.text)
    RTC_WKUP_IRQHandler                      0x080001bb   Thumb Code     0  startup_stm32f407xx.o(.text)
    SDIO_IRQHandler                          0x080001bb   Thumb Code     0  startup_stm32f407xx.o(.text)
    SPI1_IRQHandler                          0x080001bb   Thumb Code     0  startup_stm32f407xx.o(.text)
    SPI2_IRQHandler                          0x080001bb   Thumb Code     0  startup_stm32f407xx.o(.text)
    SPI3_IRQHandler                          0x080001bb   Thumb Code     0  startup_stm32f407xx.o(.text)
    TAMP_STAMP_IRQHandler                    0x080001bb   Thumb Code     0  startup_stm32f407xx.o(.text)
    TIM1_BRK_TIM9_IRQHandler                 0x080001bb   Thumb Code     0  startup_stm32f407xx.o(.text)
    TIM1_CC_IRQHandler                       0x080001bb   Thumb Code     0  startup_stm32f407xx.o(.text)
    TIM1_TRG_COM_TIM11_IRQHandler            0x080001bb   Thumb Code     0  startup_stm32f407xx.o(.text)
    TIM1_UP_TIM10_IRQHandler                 0x080001bb   Thumb Code     0  startup_stm32f407xx.o(.text)
    TIM2_IRQHandler                          0x080001bb   Thumb Code     0  startup_stm32f407xx.o(.text)
    TIM4_IRQHandler                          0x080001bb   Thumb Code     0  startup_stm32f407xx.o(.text)
    TIM5_IRQHandler                          0x080001bb   Thumb Code     0  startup_stm32f407xx.o(.text)
    TIM6_DAC_IRQHandler                      0x080001bb   Thumb Code     0  startup_stm32f407xx.o(.text)
    TIM7_IRQHandler                          0x080001bb   Thumb Code     0  startup_stm32f407xx.o(.text)
    TIM8_BRK_TIM12_IRQHandler                0x080001bb   Thumb Code     0  startup_stm32f407xx.o(.text)
    TIM8_CC_IRQHandler                       0x080001bb   Thumb Code     0  startup_stm32f407xx.o(.text)
    TIM8_TRG_COM_TIM14_IRQHandler            0x080001bb   Thumb Code     0  startup_stm32f407xx.o(.text)
    TIM8_UP_TIM13_IRQHandler                 0x080001bb   Thumb Code     0  startup_stm32f407xx.o(.text)
    UART5_IRQHandler                         0x080001bb   Thumb Code     0  startup_stm32f407xx.o(.text)
    USART6_IRQHandler                        0x080001bb   Thumb Code     0  startup_stm32f407xx.o(.text)
    WWDG_IRQHandler                          0x080001bb   Thumb Code     0  startup_stm32f407xx.o(.text)
    __aeabi_uldivmod                         0x080001c5   Thumb Code    98  uldiv.o(.text)
    __aeabi_memset                           0x08000227   Thumb Code    14  memseta.o(.text)
    __aeabi_memset4                          0x08000227   Thumb Code     0  memseta.o(.text)
    __aeabi_memset8                          0x08000227   Thumb Code     0  memseta.o(.text)
    __aeabi_memclr                           0x08000235   Thumb Code     4  memseta.o(.text)
    __aeabi_memclr4                          0x08000235   Thumb Code     0  memseta.o(.text)
    __aeabi_memclr8                          0x08000235   Thumb Code     0  memseta.o(.text)
    _memset$wrapper                          0x08000239   Thumb Code    18  memseta.o(.text)
    __cpp_initialize__aeabi_                 0x0800024d   Thumb Code    22  cpp_init.o(.text)
    __aeabi_dadd                             0x0800026d   Thumb Code   322  dadd.o(.text)
    __aeabi_dsub                             0x080003af   Thumb Code     6  dadd.o(.text)
    __aeabi_drsub                            0x080003b5   Thumb Code     6  dadd.o(.text)
    __aeabi_dmul                             0x080003bb   Thumb Code   228  dmul.o(.text)
    __aeabi_ddiv                             0x0800049f   Thumb Code   222  ddiv.o(.text)
    __aeabi_ui2d                             0x0800057d   Thumb Code    26  dfltui.o(.text)
    __aeabi_d2uiz                            0x08000597   Thumb Code    50  dfixui.o(.text)
    __aeabi_f2d                              0x080005c9   Thumb Code    38  f2d.o(.text)
    __aeabi_d2f                              0x080005ef   Thumb Code    56  d2f.o(.text)
    __aeabi_uidiv                            0x08000627   Thumb Code     0  uidiv.o(.text)
    __aeabi_uidivmod                         0x08000627   Thumb Code    44  uidiv.o(.text)
    __aeabi_llsl                             0x08000653   Thumb Code    30  llshl.o(.text)
    _ll_shift_l                              0x08000653   Thumb Code     0  llshl.o(.text)
    __aeabi_llsr                             0x08000671   Thumb Code    32  llushr.o(.text)
    _ll_ushift_r                             0x08000671   Thumb Code     0  llushr.o(.text)
    __aeabi_lasr                             0x08000691   Thumb Code    36  llsshr.o(.text)
    _ll_sshift_r                             0x08000691   Thumb Code     0  llsshr.o(.text)
    __I$use$fp                               0x080006b5   Thumb Code     0  iusefp.o(.text)
    _float_round                             0x080006b5   Thumb Code    18  fepilogue.o(.text)
    _float_epilogue                          0x080006c7   Thumb Code    92  fepilogue.o(.text)
    _double_round                            0x08000723   Thumb Code    30  depilogue.o(.text)
    _double_epilogue                         0x08000741   Thumb Code   156  depilogue.o(.text)
    __scatterload                            0x080007dd   Thumb Code    28  init.o(.text)
    __scatterload_rt2                        0x080007dd   Thumb Code     0  init.o(.text)
    BusFault_Handler                         0x08000801   Thumb Code     4  stm32f4xx_it.o(i.BusFault_Handler)
    DMA1_Stream0_IRQHandler                  0x08000805   Thumb Code    10  stm32f4xx_it.o(i.DMA1_Stream0_IRQHandler)
    DMA1_Stream1_IRQHandler                  0x08000815   Thumb Code    10  stm32f4xx_it.o(i.DMA1_Stream1_IRQHandler)
    DMA1_Stream2_IRQHandler                  0x08000825   Thumb Code    10  stm32f4xx_it.o(i.DMA1_Stream2_IRQHandler)
    DMA1_Stream3_IRQHandler                  0x08000835   Thumb Code    10  stm32f4xx_it.o(i.DMA1_Stream3_IRQHandler)
    DMA1_Stream4_IRQHandler                  0x08000845   Thumb Code    10  stm32f4xx_it.o(i.DMA1_Stream4_IRQHandler)
    DMA1_Stream5_IRQHandler                  0x08000855   Thumb Code    10  stm32f4xx_it.o(i.DMA1_Stream5_IRQHandler)
    DMA1_Stream6_IRQHandler                  0x08000865   Thumb Code    10  stm32f4xx_it.o(i.DMA1_Stream6_IRQHandler)
    DMA1_Stream7_IRQHandler                  0x08000875   Thumb Code    10  stm32f4xx_it.o(i.DMA1_Stream7_IRQHandler)
    DMA2_Stream2_IRQHandler                  0x08000885   Thumb Code    10  stm32f4xx_it.o(i.DMA2_Stream2_IRQHandler)
    DMA2_Stream7_IRQHandler                  0x08000895   Thumb Code    10  stm32f4xx_it.o(i.DMA2_Stream7_IRQHandler)
    DebugMon_Handler                         0x080008a5   Thumb Code     2  stm32f4xx_it.o(i.DebugMon_Handler)
    Error_Handler                            0x080008a7   Thumb Code     2  main.o(i.Error_Handler)
    HAL_DMA_Abort                            0x080008a9   Thumb Code   170  stm32f4xx_hal_dma.o(i.HAL_DMA_Abort)
    HAL_DMA_Abort_IT                         0x08000953   Thumb Code    40  stm32f4xx_hal_dma.o(i.HAL_DMA_Abort_IT)
    HAL_DMA_GetState                         0x0800097b   Thumb Code     8  stm32f4xx_hal_dma.o(i.HAL_DMA_GetState)
    HAL_DMA_IRQHandler                       0x08000985   Thumb Code   570  stm32f4xx_hal_dma.o(i.HAL_DMA_IRQHandler)
    HAL_DMA_Init                             0x08000bc5   Thumb Code   232  stm32f4xx_hal_dma.o(i.HAL_DMA_Init)
    HAL_DMA_Start_IT                         0x08000cb1   Thumb Code   158  stm32f4xx_hal_dma.o(i.HAL_DMA_Start_IT)
    HAL_GPIO_Init                            0x08000d51   Thumb Code   466  stm32f4xx_hal_gpio.o(i.HAL_GPIO_Init)
    HAL_GPIO_WritePin                        0x08000f51   Thumb Code    12  stm32f4xx_hal_gpio.o(i.HAL_GPIO_WritePin)
    HAL_GetTick                              0x08000f5d   Thumb Code     6  stm32f4xx_hal.o(i.HAL_GetTick)
    HAL_I2C_AbortCpltCallback                0x08000f69   Thumb Code     2  stm32f4xx_hal_i2c.o(i.HAL_I2C_AbortCpltCallback)
    HAL_I2C_AddrCallback                     0x08000f6b   Thumb Code     2  stm32f4xx_hal_i2c.o(i.HAL_I2C_AddrCallback)
    HAL_I2C_ER_IRQHandler                    0x08000f6d   Thumb Code   206  stm32f4xx_hal_i2c.o(i.HAL_I2C_ER_IRQHandler)
    HAL_I2C_EV_IRQHandler                    0x0800103b   Thumb Code   452  stm32f4xx_hal_i2c.o(i.HAL_I2C_EV_IRQHandler)
    HAL_I2C_ErrorCallback                    0x080011ff   Thumb Code     2  stm32f4xx_hal_i2c.o(i.HAL_I2C_ErrorCallback)
    HAL_I2C_Init                             0x08001201   Thumb Code   422  stm32f4xx_hal_i2c.o(i.HAL_I2C_Init)
    HAL_I2C_ListenCpltCallback               0x080013b9   Thumb Code     2  stm32f4xx_hal_i2c.o(i.HAL_I2C_ListenCpltCallback)
    HAL_I2C_MasterRxCpltCallback             0x080013bb   Thumb Code     2  stm32f4xx_hal_i2c.o(i.HAL_I2C_MasterRxCpltCallback)
    HAL_I2C_MasterTxCpltCallback             0x080013bd   Thumb Code     2  stm32f4xx_hal_i2c.o(i.HAL_I2C_MasterTxCpltCallback)
    HAL_I2C_MemRxCpltCallback                0x080013bf   Thumb Code     2  stm32f4xx_hal_i2c.o(i.HAL_I2C_MemRxCpltCallback)
    HAL_I2C_MemTxCpltCallback                0x080013c1   Thumb Code     2  stm32f4xx_hal_i2c.o(i.HAL_I2C_MemTxCpltCallback)
    HAL_I2C_MspInit                          0x080013c5   Thumb Code   272  i2c.o(i.HAL_I2C_MspInit)
    HAL_I2C_SlaveRxCpltCallback              0x080014ed   Thumb Code     2  stm32f4xx_hal_i2c.o(i.HAL_I2C_SlaveRxCpltCallback)
    HAL_I2C_SlaveTxCpltCallback              0x080014ef   Thumb Code     2  stm32f4xx_hal_i2c.o(i.HAL_I2C_SlaveTxCpltCallback)
    HAL_IncTick                              0x080014f1   Thumb Code    16  stm32f4xx_hal.o(i.HAL_IncTick)
    HAL_Init                                 0x08001509   Thumb Code    54  stm32f4xx_hal.o(i.HAL_Init)
    HAL_InitTick                             0x08001545   Thumb Code    64  stm32f4xx_hal.o(i.HAL_InitTick)
    HAL_MspInit                              0x08001591   Thumb Code    68  stm32f4xx_hal_msp.o(i.HAL_MspInit)
    HAL_NVIC_EnableIRQ                       0x080015d9   Thumb Code    32  stm32f4xx_hal_cortex.o(i.HAL_NVIC_EnableIRQ)
    HAL_NVIC_SetPriority                     0x080015f9   Thumb Code   124  stm32f4xx_hal_cortex.o(i.HAL_NVIC_SetPriority)
    HAL_NVIC_SetPriorityGrouping             0x08001675   Thumb Code    32  stm32f4xx_hal_cortex.o(i.HAL_NVIC_SetPriorityGrouping)
    HAL_RCC_ClockConfig                      0x0800169d   Thumb Code   366  stm32f4xx_hal_rcc.o(i.HAL_RCC_ClockConfig)
    HAL_RCC_GetHCLKFreq                      0x0800181d   Thumb Code     6  stm32f4xx_hal_rcc.o(i.HAL_RCC_GetHCLKFreq)
    HAL_RCC_GetPCLK1Freq                     0x08001829   Thumb Code    22  stm32f4xx_hal_rcc.o(i.HAL_RCC_GetPCLK1Freq)
    HAL_RCC_GetPCLK2Freq                     0x08001849   Thumb Code    22  stm32f4xx_hal_rcc.o(i.HAL_RCC_GetPCLK2Freq)
    HAL_RCC_GetSysClockFreq                  0x08001869   Thumb Code   162  stm32f4xx_hal_rcc.o(i.HAL_RCC_GetSysClockFreq)
    HAL_RCC_OscConfig                        0x08001919   Thumb Code  1086  stm32f4xx_hal_rcc.o(i.HAL_RCC_OscConfig)
    HAL_SYSTICK_Config                       0x08001d61   Thumb Code    52  stm32f4xx_hal_cortex.o(i.HAL_SYSTICK_Config)
    HAL_TIMEx_BreakCallback                  0x08001d95   Thumb Code     2  stm32f4xx_hal_tim_ex.o(i.HAL_TIMEx_BreakCallback)
    HAL_TIMEx_CommutCallback                 0x08001d97   Thumb Code     2  stm32f4xx_hal_tim_ex.o(i.HAL_TIMEx_CommutCallback)
    HAL_TIMEx_MasterConfigSynchronization    0x08001d99   Thumb Code    84  stm32f4xx_hal_tim_ex.o(i.HAL_TIMEx_MasterConfigSynchronization)
    HAL_TIM_Base_Init                        0x08001ded   Thumb Code    52  stm32f4xx_hal_tim.o(i.HAL_TIM_Base_Init)
    HAL_TIM_Base_MspInit                     0x08001e21   Thumb Code    62  tim.o(i.HAL_TIM_Base_MspInit)
    HAL_TIM_ConfigClockSource                0x08001e69   Thumb Code   264  stm32f4xx_hal_tim.o(i.HAL_TIM_ConfigClockSource)
    HAL_TIM_IC_CaptureCallback               0x08001f71   Thumb Code     2  stm32f4xx_hal_tim.o(i.HAL_TIM_IC_CaptureCallback)
    HAL_TIM_IRQHandler                       0x08001f73   Thumb Code   406  stm32f4xx_hal_tim.o(i.HAL_TIM_IRQHandler)
    HAL_TIM_MspPostInit                      0x08002109   Thumb Code   140  tim.o(i.HAL_TIM_MspPostInit)
    HAL_TIM_OC_DelayElapsedCallback          0x080021a5   Thumb Code     2  stm32f4xx_hal_tim.o(i.HAL_TIM_OC_DelayElapsedCallback)
    HAL_TIM_PWM_ConfigChannel                0x080021a7   Thumb Code   264  stm32f4xx_hal_tim.o(i.HAL_TIM_PWM_ConfigChannel)
    HAL_TIM_PWM_Init                         0x080022af   Thumb Code    52  stm32f4xx_hal_tim.o(i.HAL_TIM_PWM_Init)
    HAL_TIM_PWM_MspInit                      0x080022e3   Thumb Code     2  stm32f4xx_hal_tim.o(i.HAL_TIM_PWM_MspInit)
    HAL_TIM_PWM_PulseFinishedCallback        0x080022e5   Thumb Code     2  stm32f4xx_hal_tim.o(i.HAL_TIM_PWM_PulseFinishedCallback)
    HAL_TIM_PWM_Start                        0x080022e9   Thumb Code    80  stm32f4xx_hal_tim.o(i.HAL_TIM_PWM_Start)
    HAL_TIM_PeriodElapsedCallback            0x08002341   Thumb Code     2  stm32f4xx_hal_tim.o(i.HAL_TIM_PeriodElapsedCallback)
    HAL_TIM_TriggerCallback                  0x08002343   Thumb Code     2  stm32f4xx_hal_tim.o(i.HAL_TIM_TriggerCallback)
    HAL_UART_AbortCpltCallback               0x08002345   Thumb Code     2  stm32f4xx_hal_uart.o(i.HAL_UART_AbortCpltCallback)
    HAL_UART_AbortReceiveCpltCallback        0x08002347   Thumb Code     2  stm32f4xx_hal_uart.o(i.HAL_UART_AbortReceiveCpltCallback)
    HAL_UART_AbortTransmitCpltCallback       0x08002349   Thumb Code     2  stm32f4xx_hal_uart.o(i.HAL_UART_AbortTransmitCpltCallback)
    HAL_UART_DMAStop                         0x0800234b   Thumb Code   102  stm32f4xx_hal_uart.o(i.HAL_UART_DMAStop)
    HAL_UART_ErrorCallback                   0x080023b1   Thumb Code     2  stm32f4xx_hal_uart.o(i.HAL_UART_ErrorCallback)
    HAL_UART_IRQHandler                      0x080023b5   Thumb Code   332  stm32f4xx_hal_uart.o(i.HAL_UART_IRQHandler)
    HAL_UART_Init                            0x08002505   Thumb Code   128  stm32f4xx_hal_uart.o(i.HAL_UART_Init)
    HAL_UART_MspInit                         0x08002589   Thumb Code  1068  usart.o(i.HAL_UART_MspInit)
    HAL_UART_Receive_DMA                     0x080029b5   Thumb Code   182  stm32f4xx_hal_uart.o(i.HAL_UART_Receive_DMA)
    HAL_UART_RegisterCallback                0x08002a79   Thumb Code   188  stm32f4xx_hal_uart.o(i.HAL_UART_RegisterCallback)
    HAL_UART_RxCpltCallback                  0x08002b35   Thumb Code     2  stm32f4xx_hal_uart.o(i.HAL_UART_RxCpltCallback)
    HAL_UART_RxHalfCpltCallback              0x08002b37   Thumb Code     2  stm32f4xx_hal_uart.o(i.HAL_UART_RxHalfCpltCallback)
    HAL_UART_Transmit                        0x08002b39   Thumb Code   214  stm32f4xx_hal_uart.o(i.HAL_UART_Transmit)
    HAL_UART_TxCpltCallback                  0x08002c0f   Thumb Code     2  stm32f4xx_hal_uart.o(i.HAL_UART_TxCpltCallback)
    HAL_UART_TxHalfCpltCallback              0x08002c11   Thumb Code     2  stm32f4xx_hal_uart.o(i.HAL_UART_TxHalfCpltCallback)
    HandleMessage                            0x08002c15   Thumb Code    88  main.o(i.HandleMessage)
    HardFault_Handler                        0x08002c99   Thumb Code     4  stm32f4xx_it.o(i.HardFault_Handler)
    I2C1_ER_IRQHandler                       0x08002c9d   Thumb Code    10  stm32f4xx_it.o(i.I2C1_ER_IRQHandler)
    I2C1_EV_IRQHandler                       0x08002cad   Thumb Code    10  stm32f4xx_it.o(i.I2C1_EV_IRQHandler)
    MX_DMA_Init                              0x08002cbd   Thumb Code   226  dma.o(i.MX_DMA_Init)
    MX_GPIO_Init                             0x08002da5   Thumb Code   206  gpio.o(i.MX_GPIO_Init)
    MX_I2C1_Init                             0x08002e81   Thumb Code    48  i2c.o(i.MX_I2C1_Init)
    MX_TIM3_Init                             0x08002ebd   Thumb Code   202  tim.o(i.MX_TIM3_Init)
    MX_UART4_Init                            0x08002f91   Thumb Code    46  usart.o(i.MX_UART4_Init)
    MX_USART1_UART_Init                      0x08002fc9   Thumb Code    92  usart.o(i.MX_USART1_UART_Init)
    MX_USART2_UART_Init                      0x0800302d   Thumb Code    92  usart.o(i.MX_USART2_UART_Init)
    MX_USART3_UART_Init                      0x08003091   Thumb Code    46  usart.o(i.MX_USART3_UART_Init)
    MemManage_Handler                        0x080030c9   Thumb Code     4  stm32f4xx_it.o(i.MemManage_Handler)
    NMI_Handler                              0x080030cd   Thumb Code     2  stm32f4xx_it.o(i.NMI_Handler)
    PendSV_Handler                           0x080030cf   Thumb Code     2  stm32f4xx_it.o(i.PendSV_Handler)
    SVC_Handler                              0x080030d1   Thumb Code     2  stm32f4xx_it.o(i.SVC_Handler)
    SysTick_Handler                          0x080030d3   Thumb Code     8  stm32f4xx_it.o(i.SysTick_Handler)
    SystemInit                               0x080030dd   Thumb Code    82  system_stm32f4xx.o(i.SystemInit)
    TIM3_IRQHandler                          0x08003141   Thumb Code    10  stm32f4xx_it.o(i.TIM3_IRQHandler)
    TIM_Base_SetConfig                       0x08003151   Thumb Code   170  stm32f4xx_hal_tim.o(i.TIM_Base_SetConfig)
    TIM_CCxChannelCmd                        0x08003229   Thumb Code    34  stm32f4xx_hal_tim.o(i.TIM_CCxChannelCmd)
    TIM_ETR_SetConfig                        0x0800324b   Thumb Code    22  stm32f4xx_hal_tim.o(i.TIM_ETR_SetConfig)
    TIM_OC2_SetConfig                        0x08003261   Thumb Code   114  stm32f4xx_hal_tim.o(i.TIM_OC2_SetConfig)
    UART4_IRQHandler                         0x080032dd   Thumb Code    10  stm32f4xx_it.o(i.UART4_IRQHandler)
    USART1_IRQHandler                        0x080032ed   Thumb Code    94  stm32f4xx_it.o(i.USART1_IRQHandler)
    USART2_IRQHandler                        0x08003355   Thumb Code   110  stm32f4xx_it.o(i.USART2_IRQHandler)
    USART3_IRQHandler                        0x080033cd   Thumb Code    10  stm32f4xx_it.o(i.USART3_IRQHandler)
    UsageFault_Handler                       0x080033dd   Thumb Code     4  stm32f4xx_it.o(i.UsageFault_Handler)
    VelControl()                             0x080033e1   Thumb Code    64  main.o(i._Z10VelControlv)
    SystemClock_Config()                     0x0800342d   Thumb Code   174  main.o(i._Z18SystemClock_Configv)
    usart1_recv_callback(__UART_HandleTypeDef*) 0x080034e5   Thumb Code     2  main.o(i._Z20usart1_recv_callbackP20__UART_HandleTypeDef)
    usart2_recv_callback(__UART_HandleTypeDef*) 0x080034e7   Thumb Code     2  main.o(i._Z20usart2_recv_callbackP20__UART_HandleTypeDef)
    UART_InitCallbacksToDefault(__UART_HandleTypeDef*) 0x080034e9   Thumb Code    34  stm32f4xx_hal_uart.o(i._Z27UART_InitCallbacksToDefaultP20__UART_HandleTypeDef)
    CheckSum(unsigned char*, unsigned char)  0x0800352d   Thumb Code    36  message.o(i._Z8CheckSumPhh)
    McNamm_ctl::McNamm_init()                0x08003551   Thumb Code    42  mcnamm_ctl.o(i._ZN10McNamm_ctl11McNamm_initEv)
    McNamm_ctl::change_direction(WheelNum, RotateDir) 0x08003581   Thumb Code   138  mcnamm_ctl.o(i._ZN10McNamm_ctl16change_directionE8WheelNum9RotateDir)
    McNamm_ctl::Kinematic_Analysis(float, float, float) 0x08003611   Thumb Code   476  mcnamm_ctl.o(i._ZN10McNamm_ctl18Kinematic_AnalysisEfff)
    McNamm_ctl::single_wheel_speed(WheelNum, unsigned short) 0x08003805   Thumb Code   184  mcnamm_ctl.o(i._ZN10McNamm_ctl18single_wheel_speedE8WheelNumt)
    McNamm_ctl::Wheel_Ctl(float, float, float, float) 0x080038d1   Thumb Code   310  mcnamm_ctl.o(i._ZN10McNamm_ctl9Wheel_CtlEffff)
    McNamm_ctl::McNamm_ctl()                 0x08003a07   Thumb Code     2  mcnamm_ctl.o(i._ZN10McNamm_ctlC1Ev)
    McNamm_ctl::McNamm_ctl__sub_object()     0x08003a07   Thumb Code     0  mcnamm_ctl.o(i._ZN10McNamm_ctlC1Ev)
    Message::Parse(unsigned char*, unsigned char) 0x08004f49   Thumb Code   124  message.o(i._ZN7Message5ParseEPhh)
    Message::Message()                       0x08004fe5   Thumb Code     2  message.o(i._ZN7MessageC1Ev)
    Message::Message__sub_object()           0x08004fe5   Thumb Code     0  message.o(i._ZN7MessageC1Ev)
    __0printf$1                              0x08004fe9   Thumb Code    22  printf1.o(i.__0printf$1)
    __1printf$1                              0x08004fe9   Thumb Code     0  printf1.o(i.__0printf$1)
    __2printf                                0x08004fe9   Thumb Code     0  printf1.o(i.__0printf$1)
    __scatterload_copy                       0x08005009   Thumb Code    14  handlers.o(i.__scatterload_copy)
    __scatterload_null                       0x08005017   Thumb Code     2  handlers.o(i.__scatterload_null)
    __scatterload_zeroinit                   0x08005019   Thumb Code    14  handlers.o(i.__scatterload_zeroinit)
    fputc                                    0x08005195   Thumb Code    20  usart.o(i.fputc)
    main                                     0x080051ad   Thumb Code   102  main.o(i.main)
    malloc                                   0x08005239   Thumb Code    92  malloc.o(i.malloc)
    AHBPrescTable                            0x080052ac   Data          16  system_stm32f4xx.o(.constdata)
    APBPrescTable                            0x080052bc   Data           8  system_stm32f4xx.o(.constdata)
    Region$$Table$$Base                      0x080052c4   Number         0  anon$$obj.o(Region$$Table)
    Region$$Table$$Limit                     0x080052e4   Number         0  anon$$obj.o(Region$$Table)
    SHT$$INIT_ARRAY$$Base                    0x080052e4   Number         0  main.o(.init_array)
    SHT$$INIT_ARRAY$$Limit                   0x080052e8   Number         0  cpp_init.o(.init_array)
    McNammCtl                                0x20000000   Data           1  main.o(.data)
    message                                  0x20000001   Data           1  main.o(.data)
    LeftJoy                                  0x20000002   Data           2  main.o(.data)
    RightJoy                                 0x20000004   Data           2  main.o(.data)
    uwTick                                   0x20000008   Data           4  stm32f4xx_hal.o(.data)
    uwTickPrio                               0x2000000c   Data           4  stm32f4xx_hal.o(.data)
    uwTickFreq                               0x20000010   Data           1  stm32f4xx_hal.o(.data)
    SystemCoreClock                          0x20000014   Data           4  system_stm32f4xx.o(.data)
    wheel_io                                 0x20000018   Data          96  mcnamm_ctl.o(.data)
    __stdout                                 0x20000078   Data           4  stdout.o(.data)
    __microlib_freelist                      0x2000007c   Data           4  mvars.o(.data)
    __microlib_freelist_initialised          0x20000080   Data           4  mvars.o(.data)
    hi2c1                                    0x20000084   Data          84  i2c.o(.bss)
    hdma_i2c1_rx                             0x200000d8   Data          96  i2c.o(.bss)
    hdma_i2c1_tx                             0x20000138   Data          96  i2c.o(.bss)
    htim3                                    0x20000198   Data          64  tim.o(.bss)
    huart4                                   0x200001d8   Data         108  usart.o(.bss)
    huart1                                   0x20000244   Data         108  usart.o(.bss)
    huart2                                   0x200002b0   Data         108  usart.o(.bss)
    huart3                                   0x2000031c   Data         108  usart.o(.bss)
    hdma_uart4_rx                            0x20000388   Data          96  usart.o(.bss)
    hdma_uart4_tx                            0x200003e8   Data          96  usart.o(.bss)
    hdma_usart1_rx                           0x20000448   Data          96  usart.o(.bss)
    hdma_usart1_tx                           0x200004a8   Data          96  usart.o(.bss)
    hdma_usart2_rx                           0x20000508   Data          96  usart.o(.bss)
    hdma_usart2_tx                           0x20000568   Data          96  usart.o(.bss)
    hdma_usart3_rx                           0x200005c8   Data          96  usart.o(.bss)
    hdma_usart3_tx                           0x20000628   Data          96  usart.o(.bss)
    __heap_base                              0x20000688   Data           0  startup_stm32f407xx.o(HEAP)
    __heap_limit                             0x20000888   Data           0  startup_stm32f407xx.o(HEAP)
    __initial_sp                             0x20000c88   Data           0  startup_stm32f407xx.o(STACK)



==============================================================================

Memory Map of the image

  Image Entry point : 0x08000189

  Load Region LR_IROM1 (Base: 0x08000000, Size: 0x0000536c, Max: 0x00080000, ABSOLUTE)

    Execution Region ER_IROM1 (Exec base: 0x08000000, Load base: 0x08000000, Size: 0x000052e8, Max: 0x00080000, ABSOLUTE)

    Exec Addr    Load Addr    Size         Type   Attr      Idx    E Section Name        Object

    0x08000000   0x08000000   0x00000188   Data   RO            3    RESET               startup_stm32f407xx.o
    0x08000188   0x08000188   0x00000000   Code   RO         4676  * .ARM.Collect$$$$00000000  mc_w.l(entry.o)
    0x08000188   0x08000188   0x00000004   Code   RO         4995    .ARM.Collect$$$$00000001  mc_w.l(entry2.o)
    0x0800018c   0x0800018c   0x00000004   Code   RO         4998    .ARM.Collect$$$$00000004  mc_w.l(entry5.o)
    0x08000190   0x08000190   0x00000000   Code   RO         5000    .ARM.Collect$$$$00000008  mc_w.l(entry7b.o)
    0x08000190   0x08000190   0x00000004   Code   RO         5001    .ARM.Collect$$$$00000009  mc_w.l(entry8a.o)
    0x08000194   0x08000194   0x00000000   Code   RO         5002    .ARM.Collect$$$$0000000A  mc_w.l(entry8b.o)
    0x08000194   0x08000194   0x00000008   Code   RO         5003    .ARM.Collect$$$$0000000B  mc_w.l(entry9a.o)
    0x0800019c   0x0800019c   0x00000000   Code   RO         5005    .ARM.Collect$$$$0000000D  mc_w.l(entry10a.o)
    0x0800019c   0x0800019c   0x00000000   Code   RO         5007    .ARM.Collect$$$$0000000F  mc_w.l(entry11a.o)
    0x0800019c   0x0800019c   0x00000004   Code   RO         4996    .ARM.Collect$$$$00002712  mc_w.l(entry2.o)
    0x080001a0   0x080001a0   0x00000024   Code   RO            4    .text               startup_stm32f407xx.o
    0x080001c4   0x080001c4   0x00000062   Code   RO         4679    .text               mc_w.l(uldiv.o)
    0x08000226   0x08000226   0x00000024   Code   RO         4683    .text               mc_w.l(memseta.o)
    0x0800024a   0x0800024a   0x00000002   PAD
    0x0800024c   0x0800024c   0x00000020   Code   RO         4979    .text               mc_w.l(cpp_init.o)
    0x0800026c   0x0800026c   0x0000014e   Code   RO         4981    .text               mf_w.l(dadd.o)
    0x080003ba   0x080003ba   0x000000e4   Code   RO         4983    .text               mf_w.l(dmul.o)
    0x0800049e   0x0800049e   0x000000de   Code   RO         4985    .text               mf_w.l(ddiv.o)
    0x0800057c   0x0800057c   0x0000001a   Code   RO         4987    .text               mf_w.l(dfltui.o)
    0x08000596   0x08000596   0x00000032   Code   RO         4989    .text               mf_w.l(dfixui.o)
    0x080005c8   0x080005c8   0x00000026   Code   RO         4991    .text               mf_w.l(f2d.o)
    0x080005ee   0x080005ee   0x00000038   Code   RO         4993    .text               mf_w.l(d2f.o)
    0x08000626   0x08000626   0x0000002c   Code   RO         5010    .text               mc_w.l(uidiv.o)
    0x08000652   0x08000652   0x0000001e   Code   RO         5012    .text               mc_w.l(llshl.o)
    0x08000670   0x08000670   0x00000020   Code   RO         5014    .text               mc_w.l(llushr.o)
    0x08000690   0x08000690   0x00000024   Code   RO         5016    .text               mc_w.l(llsshr.o)
    0x080006b4   0x080006b4   0x00000000   Code   RO         5020    .text               mc_w.l(iusefp.o)
    0x080006b4   0x080006b4   0x0000006e   Code   RO         5021    .text               mf_w.l(fepilogue.o)
    0x08000722   0x08000722   0x000000ba   Code   RO         5023    .text               mf_w.l(depilogue.o)
    0x080007dc   0x080007dc   0x00000024   Code   RO         5029    .text               mc_w.l(init.o)
    0x08000800   0x08000800   0x00000004   Code   RO          393    i.BusFault_Handler  stm32f4xx_it.o
    0x08000804   0x08000804   0x00000010   Code   RO          394    i.DMA1_Stream0_IRQHandler  stm32f4xx_it.o
    0x08000814   0x08000814   0x00000010   Code   RO          395    i.DMA1_Stream1_IRQHandler  stm32f4xx_it.o
    0x08000824   0x08000824   0x00000010   Code   RO          396    i.DMA1_Stream2_IRQHandler  stm32f4xx_it.o
    0x08000834   0x08000834   0x00000010   Code   RO          397    i.DMA1_Stream3_IRQHandler  stm32f4xx_it.o
    0x08000844   0x08000844   0x00000010   Code   RO          398    i.DMA1_Stream4_IRQHandler  stm32f4xx_it.o
    0x08000854   0x08000854   0x00000010   Code   RO          399    i.DMA1_Stream5_IRQHandler  stm32f4xx_it.o
    0x08000864   0x08000864   0x00000010   Code   RO          400    i.DMA1_Stream6_IRQHandler  stm32f4xx_it.o
    0x08000874   0x08000874   0x00000010   Code   RO          401    i.DMA1_Stream7_IRQHandler  stm32f4xx_it.o
    0x08000884   0x08000884   0x00000010   Code   RO          402    i.DMA2_Stream2_IRQHandler  stm32f4xx_it.o
    0x08000894   0x08000894   0x00000010   Code   RO          403    i.DMA2_Stream7_IRQHandler  stm32f4xx_it.o
    0x080008a4   0x080008a4   0x00000002   Code   RO          404    i.DebugMon_Handler  stm32f4xx_it.o
    0x080008a6   0x080008a6   0x00000002   Code   RO          625    i.Error_Handler     main.o
    0x080008a8   0x080008a8   0x000000aa   Code   RO         1935    i.HAL_DMA_Abort     stm32f4xx_hal_dma.o
    0x08000952   0x08000952   0x00000028   Code   RO         1936    i.HAL_DMA_Abort_IT  stm32f4xx_hal_dma.o
    0x0800097a   0x0800097a   0x00000008   Code   RO         1939    i.HAL_DMA_GetState  stm32f4xx_hal_dma.o
    0x08000982   0x08000982   0x00000002   PAD
    0x08000984   0x08000984   0x00000240   Code   RO         1940    i.HAL_DMA_IRQHandler  stm32f4xx_hal_dma.o
    0x08000bc4   0x08000bc4   0x000000ec   Code   RO         1941    i.HAL_DMA_Init      stm32f4xx_hal_dma.o
    0x08000cb0   0x08000cb0   0x0000009e   Code   RO         1944    i.HAL_DMA_Start_IT  stm32f4xx_hal_dma.o
    0x08000d4e   0x08000d4e   0x00000002   PAD
    0x08000d50   0x08000d50   0x00000200   Code   RO         1819    i.HAL_GPIO_Init     stm32f4xx_hal_gpio.o
    0x08000f50   0x08000f50   0x0000000c   Code   RO         1823    i.HAL_GPIO_WritePin  stm32f4xx_hal_gpio.o
    0x08000f5c   0x08000f5c   0x0000000c   Code   RO         2426    i.HAL_GetTick       stm32f4xx_hal.o
    0x08000f68   0x08000f68   0x00000002   Code   RO          807    i.HAL_I2C_AbortCpltCallback  stm32f4xx_hal_i2c.o
    0x08000f6a   0x08000f6a   0x00000002   Code   RO          808    i.HAL_I2C_AddrCallback  stm32f4xx_hal_i2c.o
    0x08000f6c   0x08000f6c   0x000000ce   Code   RO          811    i.HAL_I2C_ER_IRQHandler  stm32f4xx_hal_i2c.o
    0x0800103a   0x0800103a   0x000001c4   Code   RO          812    i.HAL_I2C_EV_IRQHandler  stm32f4xx_hal_i2c.o
    0x080011fe   0x080011fe   0x00000002   Code   RO          814    i.HAL_I2C_ErrorCallback  stm32f4xx_hal_i2c.o
    0x08001200   0x08001200   0x000001b8   Code   RO          818    i.HAL_I2C_Init      stm32f4xx_hal_i2c.o
    0x080013b8   0x080013b8   0x00000002   Code   RO          820    i.HAL_I2C_ListenCpltCallback  stm32f4xx_hal_i2c.o
    0x080013ba   0x080013ba   0x00000002   Code   RO          821    i.HAL_I2C_MasterRxCpltCallback  stm32f4xx_hal_i2c.o
    0x080013bc   0x080013bc   0x00000002   Code   RO          822    i.HAL_I2C_MasterTxCpltCallback  stm32f4xx_hal_i2c.o
    0x080013be   0x080013be   0x00000002   Code   RO          834    i.HAL_I2C_MemRxCpltCallback  stm32f4xx_hal_i2c.o
    0x080013c0   0x080013c0   0x00000002   Code   RO          835    i.HAL_I2C_MemTxCpltCallback  stm32f4xx_hal_i2c.o
    0x080013c2   0x080013c2   0x00000002   PAD
    0x080013c4   0x080013c4   0x00000128   Code   RO          175    i.HAL_I2C_MspInit   i2c.o
    0x080014ec   0x080014ec   0x00000002   Code   RO          844    i.HAL_I2C_SlaveRxCpltCallback  stm32f4xx_hal_i2c.o
    0x080014ee   0x080014ee   0x00000002   Code   RO          845    i.HAL_I2C_SlaveTxCpltCallback  stm32f4xx_hal_i2c.o
    0x080014f0   0x080014f0   0x00000018   Code   RO         2432    i.HAL_IncTick       stm32f4xx_hal.o
    0x08001508   0x08001508   0x0000003c   Code   RO         2433    i.HAL_Init          stm32f4xx_hal.o
    0x08001544   0x08001544   0x0000004c   Code   RO         2434    i.HAL_InitTick      stm32f4xx_hal.o
    0x08001590   0x08001590   0x00000048   Code   RO          600    i.HAL_MspInit       stm32f4xx_hal_msp.o
    0x080015d8   0x080015d8   0x00000020   Code   RO         2258    i.HAL_NVIC_EnableIRQ  stm32f4xx_hal_cortex.o
    0x080015f8   0x080015f8   0x0000007c   Code   RO         2264    i.HAL_NVIC_SetPriority  stm32f4xx_hal_cortex.o
    0x08001674   0x08001674   0x00000028   Code   RO         2265    i.HAL_NVIC_SetPriorityGrouping  stm32f4xx_hal_cortex.o
    0x0800169c   0x0800169c   0x00000180   Code   RO         1367    i.HAL_RCC_ClockConfig  stm32f4xx_hal_rcc.o
    0x0800181c   0x0800181c   0x0000000c   Code   RO         1372    i.HAL_RCC_GetHCLKFreq  stm32f4xx_hal_rcc.o
    0x08001828   0x08001828   0x00000020   Code   RO         1374    i.HAL_RCC_GetPCLK1Freq  stm32f4xx_hal_rcc.o
    0x08001848   0x08001848   0x00000020   Code   RO         1375    i.HAL_RCC_GetPCLK2Freq  stm32f4xx_hal_rcc.o
    0x08001868   0x08001868   0x000000b0   Code   RO         1376    i.HAL_RCC_GetSysClockFreq  stm32f4xx_hal_rcc.o
    0x08001918   0x08001918   0x00000448   Code   RO         1379    i.HAL_RCC_OscConfig  stm32f4xx_hal_rcc.o
    0x08001d60   0x08001d60   0x00000034   Code   RO         2269    i.HAL_SYSTICK_Config  stm32f4xx_hal_cortex.o
    0x08001d94   0x08001d94   0x00000002   Code   RO         3506    i.HAL_TIMEx_BreakCallback  stm32f4xx_hal_tim_ex.o
    0x08001d96   0x08001d96   0x00000002   Code   RO         3507    i.HAL_TIMEx_CommutCallback  stm32f4xx_hal_tim_ex.o
    0x08001d98   0x08001d98   0x00000054   Code   RO         3524    i.HAL_TIMEx_MasterConfigSynchronization  stm32f4xx_hal_tim_ex.o
    0x08001dec   0x08001dec   0x00000034   Code   RO         2706    i.HAL_TIM_Base_Init  stm32f4xx_hal_tim.o
    0x08001e20   0x08001e20   0x00000048   Code   RO          248    i.HAL_TIM_Base_MspInit  tim.o
    0x08001e68   0x08001e68   0x00000108   Code   RO         2715    i.HAL_TIM_ConfigClockSource  stm32f4xx_hal_tim.o
    0x08001f70   0x08001f70   0x00000002   Code   RO         2735    i.HAL_TIM_IC_CaptureCallback  stm32f4xx_hal_tim.o
    0x08001f72   0x08001f72   0x00000196   Code   RO         2749    i.HAL_TIM_IRQHandler  stm32f4xx_hal_tim.o
    0x08002108   0x08002108   0x0000009c   Code   RO          249    i.HAL_TIM_MspPostInit  tim.o
    0x080021a4   0x080021a4   0x00000002   Code   RO         2752    i.HAL_TIM_OC_DelayElapsedCallback  stm32f4xx_hal_tim.o
    0x080021a6   0x080021a6   0x00000108   Code   RO         2773    i.HAL_TIM_PWM_ConfigChannel  stm32f4xx_hal_tim.o
    0x080022ae   0x080022ae   0x00000034   Code   RO         2776    i.HAL_TIM_PWM_Init  stm32f4xx_hal_tim.o
    0x080022e2   0x080022e2   0x00000002   Code   RO         2778    i.HAL_TIM_PWM_MspInit  stm32f4xx_hal_tim.o
    0x080022e4   0x080022e4   0x00000002   Code   RO         2779    i.HAL_TIM_PWM_PulseFinishedCallback  stm32f4xx_hal_tim.o
    0x080022e6   0x080022e6   0x00000002   PAD
    0x080022e8   0x080022e8   0x00000058   Code   RO         2781    i.HAL_TIM_PWM_Start  stm32f4xx_hal_tim.o
    0x08002340   0x08002340   0x00000002   Code   RO         2787    i.HAL_TIM_PeriodElapsedCallback  stm32f4xx_hal_tim.o
    0x08002342   0x08002342   0x00000002   Code   RO         2792    i.HAL_TIM_TriggerCallback  stm32f4xx_hal_tim.o
    0x08002344   0x08002344   0x00000002   Code   RO         3805    i.HAL_UART_AbortCpltCallback  stm32f4xx_hal_uart.o
    0x08002346   0x08002346   0x00000002   Code   RO         3807    i.HAL_UART_AbortReceiveCpltCallback  stm32f4xx_hal_uart.o
    0x08002348   0x08002348   0x00000002   Code   RO         3810    i.HAL_UART_AbortTransmitCpltCallback  stm32f4xx_hal_uart.o
    0x0800234a   0x0800234a   0x00000066   Code   RO         3815    i.HAL_UART_DMAStop  stm32f4xx_hal_uart.o
    0x080023b0   0x080023b0   0x00000002   Code   RO         3817    i.HAL_UART_ErrorCallback  stm32f4xx_hal_uart.o
    0x080023b2   0x080023b2   0x00000002   PAD
    0x080023b4   0x080023b4   0x00000150   Code   RO         3820    i.HAL_UART_IRQHandler  stm32f4xx_hal_uart.o
    0x08002504   0x08002504   0x00000084   Code   RO         3821    i.HAL_UART_Init     stm32f4xx_hal_uart.o
    0x08002588   0x08002588   0x0000042c   Code   RO          315    i.HAL_UART_MspInit  usart.o
    0x080029b4   0x080029b4   0x000000c4   Code   RO         3825    i.HAL_UART_Receive_DMA  stm32f4xx_hal_uart.o
    0x08002a78   0x08002a78   0x000000bc   Code   RO         3827    i.HAL_UART_RegisterCallback  stm32f4xx_hal_uart.o
    0x08002b34   0x08002b34   0x00000002   Code   RO         3828    i.HAL_UART_RxCpltCallback  stm32f4xx_hal_uart.o
    0x08002b36   0x08002b36   0x00000002   Code   RO         3829    i.HAL_UART_RxHalfCpltCallback  stm32f4xx_hal_uart.o
    0x08002b38   0x08002b38   0x000000d6   Code   RO         3830    i.HAL_UART_Transmit  stm32f4xx_hal_uart.o
    0x08002c0e   0x08002c0e   0x00000002   Code   RO         3833    i.HAL_UART_TxCpltCallback  stm32f4xx_hal_uart.o
    0x08002c10   0x08002c10   0x00000002   Code   RO         3834    i.HAL_UART_TxHalfCpltCallback  stm32f4xx_hal_uart.o
    0x08002c12   0x08002c12   0x00000002   PAD
    0x08002c14   0x08002c14   0x00000084   Code   RO          626    i.HandleMessage     main.o
    0x08002c98   0x08002c98   0x00000004   Code   RO          405    i.HardFault_Handler  stm32f4xx_it.o
    0x08002c9c   0x08002c9c   0x00000010   Code   RO          406    i.I2C1_ER_IRQHandler  stm32f4xx_it.o
    0x08002cac   0x08002cac   0x00000010   Code   RO          407    i.I2C1_EV_IRQHandler  stm32f4xx_it.o
    0x08002cbc   0x08002cbc   0x000000e8   Code   RO          146    i.MX_DMA_Init       dma.o
    0x08002da4   0x08002da4   0x000000dc   Code   RO           13    i.MX_GPIO_Init      gpio.o
    0x08002e80   0x08002e80   0x0000003c   Code   RO          176    i.MX_I2C1_Init      i2c.o
    0x08002ebc   0x08002ebc   0x000000d4   Code   RO          250    i.MX_TIM3_Init      tim.o
    0x08002f90   0x08002f90   0x00000038   Code   RO          316    i.MX_UART4_Init     usart.o
    0x08002fc8   0x08002fc8   0x00000064   Code   RO          317    i.MX_USART1_UART_Init  usart.o
    0x0800302c   0x0800302c   0x00000064   Code   RO          318    i.MX_USART2_UART_Init  usart.o
    0x08003090   0x08003090   0x00000038   Code   RO          319    i.MX_USART3_UART_Init  usart.o
    0x080030c8   0x080030c8   0x00000004   Code   RO          408    i.MemManage_Handler  stm32f4xx_it.o
    0x080030cc   0x080030cc   0x00000002   Code   RO          409    i.NMI_Handler       stm32f4xx_it.o
    0x080030ce   0x080030ce   0x00000002   Code   RO          410    i.PendSV_Handler    stm32f4xx_it.o
    0x080030d0   0x080030d0   0x00000002   Code   RO          411    i.SVC_Handler       stm32f4xx_it.o
    0x080030d2   0x080030d2   0x00000008   Code   RO          412    i.SysTick_Handler   stm32f4xx_it.o
    0x080030da   0x080030da   0x00000002   PAD
    0x080030dc   0x080030dc   0x00000064   Code   RO         4581    i.SystemInit        system_stm32f4xx.o
    0x08003140   0x08003140   0x00000010   Code   RO          413    i.TIM3_IRQHandler   stm32f4xx_it.o
    0x08003150   0x08003150   0x000000d8   Code   RO         2794    i.TIM_Base_SetConfig  stm32f4xx_hal_tim.o
    0x08003228   0x08003228   0x00000022   Code   RO         2795    i.TIM_CCxChannelCmd  stm32f4xx_hal_tim.o
    0x0800324a   0x0800324a   0x00000016   Code   RO         2801    i.TIM_ETR_SetConfig  stm32f4xx_hal_tim.o
    0x08003260   0x08003260   0x0000007c   Code   RO         2802    i.TIM_OC2_SetConfig  stm32f4xx_hal_tim.o
    0x080032dc   0x080032dc   0x00000010   Code   RO          414    i.UART4_IRQHandler  stm32f4xx_it.o
    0x080032ec   0x080032ec   0x00000068   Code   RO          415    i.USART1_IRQHandler  stm32f4xx_it.o
    0x08003354   0x08003354   0x00000078   Code   RO          416    i.USART2_IRQHandler  stm32f4xx_it.o
    0x080033cc   0x080033cc   0x00000010   Code   RO          417    i.USART3_IRQHandler  stm32f4xx_it.o
    0x080033dc   0x080033dc   0x00000004   Code   RO          418    i.UsageFault_Handler  stm32f4xx_it.o
    0x080033e0   0x080033e0   0x0000004c   Code   RO          627    i._Z10VelControlv   main.o
    0x0800342c   0x0800342c   0x000000b8   Code   RO          628    i._Z18SystemClock_Configv  main.o
    0x080034e4   0x080034e4   0x00000002   Code   RO          629    i._Z20usart1_recv_callbackP20__UART_HandleTypeDef  main.o
    0x080034e6   0x080034e6   0x00000002   Code   RO          630    i._Z20usart2_recv_callbackP20__UART_HandleTypeDef  main.o
    0x080034e8   0x080034e8   0x00000044   Code   RO         3836    i._Z27UART_InitCallbacksToDefaultP20__UART_HandleTypeDef  stm32f4xx_hal_uart.o
    0x0800352c   0x0800352c   0x00000024   Code   RO          718    i._Z8CheckSumPhh    message.o
    0x08003550   0x08003550   0x00000030   Code   RO         4619    i._ZN10McNamm_ctl11McNamm_initEv  mcnamm_ctl.o
    0x08003580   0x08003580   0x00000090   Code   RO         4620    i._ZN10McNamm_ctl16change_directionE8WheelNum9RotateDir  mcnamm_ctl.o
    0x08003610   0x08003610   0x000001f4   Code   RO         4621    i._ZN10McNamm_ctl18Kinematic_AnalysisEfff  mcnamm_ctl.o
    0x08003804   0x08003804   0x000000cc   Code   RO         4622    i._ZN10McNamm_ctl18single_wheel_speedE8WheelNumt  mcnamm_ctl.o
    0x080038d0   0x080038d0   0x00000136   Code   RO         4623    i._ZN10McNamm_ctl9Wheel_CtlEffff  mcnamm_ctl.o
    0x08003a06   0x08003a06   0x00000002   Code   RO         4624    i._ZN10McNamm_ctlC1Ev  mcnamm_ctl.o
    0x08003a08   0x08003a08   0x0000002c   Code   RO         1947    i._ZN41_INTERNAL_19_stm32f4xx_hal_dma_c_c25f65ec13DMA_SetConfigEP19__DMA_HandleTypeDefjjj  stm32f4xx_hal_dma.o
    0x08003a34   0x08003a34   0x000000aa   Code   RO         1948    i._ZN41_INTERNAL_19_stm32f4xx_hal_dma_c_c25f65ec18DMA_CheckFifoParamEP19__DMA_HandleTypeDef  stm32f4xx_hal_dma.o
    0x08003ade   0x08003ade   0x00000002   PAD
    0x08003ae0   0x08003ae0   0x00000034   Code   RO         1949    i._ZN41_INTERNAL_19_stm32f4xx_hal_dma_c_c25f65ec23DMA_CalcBaseAndBitshiftEP19__DMA_HandleTypeDef  stm32f4xx_hal_dma.o
    0x08003b14   0x08003b14   0x00000184   Code   RO          856    i._ZN41_INTERNAL_19_stm32f4xx_hal_i2c_c_0eb271f411I2C_ITErrorEP19__I2C_HandleTypeDef  stm32f4xx_hal_i2c.o
    0x08003c98   0x08003c98   0x00000096   Code   RO          857    i._ZN41_INTERNAL_19_stm32f4xx_hal_i2c_c_0eb271f412I2C_DMAAbortEP19__DMA_HandleTypeDef  stm32f4xx_hal_i2c.o
    0x08003d2e   0x08003d2e   0x00000002   PAD
    0x08003d30   0x08003d30   0x000000a0   Code   RO          859    i._ZN41_INTERNAL_19_stm32f4xx_hal_i2c_c_0eb271f412I2C_Slave_AFEP19__I2C_HandleTypeDef  stm32f4xx_hal_i2c.o
    0x08003dd0   0x08003dd0   0x0000009e   Code   RO          860    i._ZN41_INTERNAL_19_stm32f4xx_hal_i2c_c_0eb271f413I2C_Master_SBEP19__I2C_HandleTypeDef  stm32f4xx_hal_i2c.o
    0x08003e6e   0x08003e6e   0x00000066   Code   RO          861    i._ZN41_INTERNAL_19_stm32f4xx_hal_i2c_c_0eb271f414I2C_Slave_ADDREP19__I2C_HandleTypeDefj  stm32f4xx_hal_i2c.o
    0x08003ed4   0x08003ed4   0x00000268   Code   RO          863    i._ZN41_INTERNAL_19_stm32f4xx_hal_i2c_c_0eb271f415I2C_Master_ADDREP19__I2C_HandleTypeDef  stm32f4xx_hal_i2c.o
    0x0800413c   0x0800413c   0x0000018c   Code   RO          864    i._ZN41_INTERNAL_19_stm32f4xx_hal_i2c_c_0eb271f415I2C_Slave_STOPFEP19__I2C_HandleTypeDef  stm32f4xx_hal_i2c.o
    0x080042c8   0x080042c8   0x0000002a   Code   RO          865    i._ZN41_INTERNAL_19_stm32f4xx_hal_i2c_c_0eb271f416I2C_Master_ADD10EP19__I2C_HandleTypeDef  stm32f4xx_hal_i2c.o
    0x080042f2   0x080042f2   0x0000001a   Code   RO          866    i._ZN41_INTERNAL_19_stm32f4xx_hal_i2c_c_0eb271f420I2C_SlaveReceive_BTFEP19__I2C_HandleTypeDef  stm32f4xx_hal_i2c.o
    0x0800430c   0x0800430c   0x00000126   Code   RO          867    i._ZN41_INTERNAL_19_stm32f4xx_hal_i2c_c_0eb271f421I2C_MasterReceive_BTFEP19__I2C_HandleTypeDef  stm32f4xx_hal_i2c.o
    0x08004432   0x08004432   0x00000046   Code   RO          870    i._ZN41_INTERNAL_19_stm32f4xx_hal_i2c_c_0eb271f421I2C_SlaveReceive_RXNEEP19__I2C_HandleTypeDef  stm32f4xx_hal_i2c.o
    0x08004478   0x08004478   0x0000001a   Code   RO          871    i._ZN41_INTERNAL_19_stm32f4xx_hal_i2c_c_0eb271f421I2C_SlaveTransmit_BTFEP19__I2C_HandleTypeDef  stm32f4xx_hal_i2c.o
    0x08004492   0x08004492   0x00000046   Code   RO          872    i._ZN41_INTERNAL_19_stm32f4xx_hal_i2c_c_0eb271f421I2C_SlaveTransmit_TXEEP19__I2C_HandleTypeDef  stm32f4xx_hal_i2c.o
    0x080044d8   0x080044d8   0x000000a4   Code   RO          873    i._ZN41_INTERNAL_19_stm32f4xx_hal_i2c_c_0eb271f422I2C_MasterReceive_RXNEEP19__I2C_HandleTypeDef  stm32f4xx_hal_i2c.o
    0x0800457c   0x0800457c   0x000000a0   Code   RO          875    i._ZN41_INTERNAL_19_stm32f4xx_hal_i2c_c_0eb271f422I2C_MasterTransmit_BTFEP19__I2C_HandleTypeDef  stm32f4xx_hal_i2c.o
    0x0800461c   0x0800461c   0x0000014c   Code   RO          876    i._ZN41_INTERNAL_19_stm32f4xx_hal_i2c_c_0eb271f422I2C_MasterTransmit_TXEEP19__I2C_HandleTypeDef  stm32f4xx_hal_i2c.o
    0x08004768   0x08004768   0x0000001c   Code   RO          880    i._ZN41_INTERNAL_19_stm32f4xx_hal_i2c_c_0eb271f427I2C_ConvertOtherXferOptionsEP19__I2C_HandleTypeDef  stm32f4xx_hal_i2c.o
    0x08004784   0x08004784   0x00000070   Code   RO         2804    i._ZN41_INTERNAL_19_stm32f4xx_hal_tim_c_a9d95b5217TIM_OC1_SetConfigEP11TIM_TypeDefP18TIM_OC_InitTypeDef  stm32f4xx_hal_tim.o
    0x080047f4   0x080047f4   0x00000078   Code   RO         2805    i._ZN41_INTERNAL_19_stm32f4xx_hal_tim_c_a9d95b5217TIM_OC3_SetConfigEP11TIM_TypeDefP18TIM_OC_InitTypeDef  stm32f4xx_hal_tim.o
    0x0800486c   0x0800486c   0x00000054   Code   RO         2806    i._ZN41_INTERNAL_19_stm32f4xx_hal_tim_c_a9d95b5217TIM_OC4_SetConfigEP11TIM_TypeDefP18TIM_OC_InitTypeDef  stm32f4xx_hal_tim.o
    0x080048c0   0x080048c0   0x00000012   Code   RO         2811    i._ZN41_INTERNAL_19_stm32f4xx_hal_tim_c_a9d95b5218TIM_ITRx_SetConfigEP11TIM_TypeDefj  stm32f4xx_hal_tim.o
    0x080048d2   0x080048d2   0x00000026   Code   RO         2815    i._ZN41_INTERNAL_19_stm32f4xx_hal_tim_c_a9d95b5224TIM_TI1_ConfigInputStageEP11TIM_TypeDefjj  stm32f4xx_hal_tim.o
    0x080048f8   0x080048f8   0x00000028   Code   RO         2816    i._ZN41_INTERNAL_19_stm32f4xx_hal_tim_c_a9d95b5224TIM_TI2_ConfigInputStageEP11TIM_TypeDefjj  stm32f4xx_hal_tim.o
    0x08004920   0x08004920   0x00000050   Code   RO         3837    i._ZN42_INTERNAL_20_stm32f4xx_hal_uart_c_d497114f13UART_DMAErrorEP19__DMA_HandleTypeDef  stm32f4xx_hal_uart.o
    0x08004970   0x08004970   0x00000368   Code   RO         3838    i._ZN42_INTERNAL_20_stm32f4xx_hal_uart_c_d497114f14UART_SetConfigEP20__UART_HandleTypeDef  stm32f4xx_hal_uart.o
    0x08004cd8   0x08004cd8   0x000000a6   Code   RO         3839    i._ZN42_INTERNAL_20_stm32f4xx_hal_uart_c_d497114f15UART_Receive_ITEP20__UART_HandleTypeDef  stm32f4xx_hal_uart.o
    0x08004d7e   0x08004d7e   0x00000068   Code   RO         3840    i._ZN42_INTERNAL_20_stm32f4xx_hal_uart_c_d497114f16UART_Transmit_ITEP20__UART_HandleTypeDef  stm32f4xx_hal_uart.o
    0x08004de6   0x08004de6   0x0000000e   Code   RO         3841    i._ZN42_INTERNAL_20_stm32f4xx_hal_uart_c_d497114f18UART_DMARxHalfCpltEP19__DMA_HandleTypeDef  stm32f4xx_hal_uart.o
    0x08004df4   0x08004df4   0x00000020   Code   RO         3843    i._ZN42_INTERNAL_20_stm32f4xx_hal_uart_c_d497114f18UART_EndRxTransferEP20__UART_HandleTypeDef  stm32f4xx_hal_uart.o
    0x08004e14   0x08004e14   0x00000014   Code   RO         3844    i._ZN42_INTERNAL_20_stm32f4xx_hal_uart_c_d497114f18UART_EndTxTransferEP20__UART_HandleTypeDef  stm32f4xx_hal_uart.o
    0x08004e28   0x08004e28   0x00000046   Code   RO         3845    i._ZN42_INTERNAL_20_stm32f4xx_hal_uart_c_d497114f19UART_DMAReceiveCpltEP19__DMA_HandleTypeDef  stm32f4xx_hal_uart.o
    0x08004e6e   0x08004e6e   0x00000020   Code   RO         3846    i._ZN42_INTERNAL_20_stm32f4xx_hal_uart_c_d497114f19UART_EndTransmit_ITEP20__UART_HandleTypeDef  stm32f4xx_hal_uart.o
    0x08004e8e   0x08004e8e   0x00000014   Code   RO         3847    i._ZN42_INTERNAL_20_stm32f4xx_hal_uart_c_d497114f20UART_DMAAbortOnErrorEP19__DMA_HandleTypeDef  stm32f4xx_hal_uart.o
    0x08004ea2   0x08004ea2   0x0000006c   Code   RO         3853    i._ZN42_INTERNAL_20_stm32f4xx_hal_uart_c_d497114f27UART_WaitOnFlagUntilTimeoutEP20__UART_HandleTypeDefj10FlagStatusjj  stm32f4xx_hal_uart.o
    0x08004f0e   0x08004f0e   0x00000002   PAD
    0x08004f10   0x08004f10   0x00000028   Code   RO         2271    i._ZN44_INTERNAL_22_stm32f4xx_hal_cortex_c_2992dbc018__NVIC_SetPriorityE9IRQn_Typej  stm32f4xx_hal_cortex.o
    0x08004f38   0x08004f38   0x00000010   Code   RO         2272    i._ZN44_INTERNAL_22_stm32f4xx_hal_cortex_c_2992dbc026__NVIC_GetPriorityGroupingEv  stm32f4xx_hal_cortex.o
    0x08004f48   0x08004f48   0x0000009c   Code   RO          720    i._ZN7Message5ParseEPhh  message.o
    0x08004fe4   0x08004fe4   0x00000002   Code   RO          721    i._ZN7MessageC1Ev   message.o
    0x08004fe6   0x08004fe6   0x00000002   PAD
    0x08004fe8   0x08004fe8   0x00000020   Code   RO         4732    i.__0printf$1       mc_w.l(printf1.o)
    0x08005008   0x08005008   0x0000000e   Code   RO         5033    i.__scatterload_copy  mc_w.l(handlers.o)
    0x08005016   0x08005016   0x00000002   Code   RO         5034    i.__scatterload_null  mc_w.l(handlers.o)
    0x08005018   0x08005018   0x0000000e   Code   RO         5035    i.__scatterload_zeroinit  mc_w.l(handlers.o)
    0x08005026   0x08005026   0x00000002   PAD
    0x08005028   0x08005028   0x00000018   Code   RO          631    i.__sti___8_main_cpp_9549bb47  main.o
    0x08005040   0x08005040   0x00000154   Code   RO         4739    i._printf_core      mc_w.l(printf1.o)
    0x08005194   0x08005194   0x00000018   Code   RO          320    i.fputc             usart.o
    0x080051ac   0x080051ac   0x0000008c   Code   RO          632    i.main              main.o
    0x08005238   0x08005238   0x0000006c   Code   RO         4949    i.malloc            mc_w.l(malloc.o)
    0x080052a4   0x080052a4   0x00000008   Data   RO         1965    .constdata          stm32f4xx_hal_dma.o
    0x080052ac   0x080052ac   0x00000018   Data   RO         4584    .constdata          system_stm32f4xx.o
    0x080052c4   0x080052c4   0x00000020   Data   RO         5031    Region$$Table       anon$$obj.o
    0x080052e4   0x080052e4   0x00000004   Data   RO          642    .init_array         main.o
    0x080052e8   0x080052e4   0x00000000   Data   RO         4977    .init_array         mc_w.l(cpp_init.o)


    Execution Region RW_IRAM1 (Exec base: 0x20000000, Load base: 0x080052e8, Size: 0x00000c88, Max: 0x00020000, ABSOLUTE)

    Exec Addr    Load Addr    Size         Type   Attr      Idx    E Section Name        Object

    0x20000000   0x080052e8   0x00000006   Data   RW          641    .data               main.o
    0x20000006   0x080052ee   0x00000002   PAD
    0x20000008   0x080052f0   0x00000009   Data   RW         2467    .data               stm32f4xx_hal.o
    0x20000011   0x080052f9   0x00000003   PAD
    0x20000014   0x080052fc   0x00000004   Data   RW         4585    .data               system_stm32f4xx.o
    0x20000018   0x08005300   0x00000060   Data   RW         4631    .data               mcnamm_ctl.o
    0x20000078   0x08005360   0x00000004   Data   RW         5009    .data               mc_w.l(stdout.o)
    0x2000007c   0x08005364   0x00000004   Data   RW         5018    .data               mc_w.l(mvars.o)
    0x20000080   0x08005368   0x00000004   Data   RW         5019    .data               mc_w.l(mvars.o)
    0x20000084        -       0x00000114   Zero   RW          180    .bss                i2c.o
    0x20000198        -       0x00000040   Zero   RW          259    .bss                tim.o
    0x200001d8        -       0x000004b0   Zero   RW          328    .bss                usart.o
    0x20000688        -       0x00000200   Zero   RW            2    HEAP                startup_stm32f407xx.o
    0x20000888        -       0x00000400   Zero   RW            1    STACK               startup_stm32f407xx.o


==============================================================================

Image component sizes


      Code (inc. data)   RO Data    RW Data    ZI Data      Debug   Object Name

       232          6          0          0          0        846   dma.o
       220         14          0          0          0     697747   gpio.o
       356         36          0          0        276       1771   i2c.o
       562        112          4          6          0       6471   main.o
      1208         56          0         96          0       5771   mcnamm_ctl.o
       194         32          0          0          0       2287   message.o
        36          8        392          0       1536        820   startup_stm32f407xx.o
       172         32          0          9          0       3849   stm32f4xx_hal.o
       304         22          0          0          0      34339   stm32f4xx_hal_cortex.o
      1454         16          8          0          0       7509   stm32f4xx_hal_dma.o
       524         46          0          0          0       2292   stm32f4xx_hal_gpio.o
      4300         42          0          0          0      22533   stm32f4xx_hal_i2c.o
        72          4          0          0          0        822   stm32f4xx_hal_msp.o
      1732         84          0          0          0       5444   stm32f4xx_hal_rcc.o
      1946         90          0          0          0      15636   stm32f4xx_hal_tim.o
        88          0          0          0          0       2397   stm32f4xx_hal_tim_ex.o
      2770         78          0          0          0      17809   stm32f4xx_hal_uart.o
       496        110          0          0          0      13247   stm32f4xx_it.o
       100         18         24          4          0       1131   system_stm32f4xx.o
       440         36          0          0         64       2457   tim.o
      1404        108          0          0       1200       6349   usart.o

    ----------------------------------------------------------------------
     18632        950        460        120       3076     851527   Object Totals
         0          0         32          0          0          0   (incl. Generated)
        22          0          0          5          0          0   (incl. Padding)

    ----------------------------------------------------------------------

      Code (inc. data)   RO Data    RW Data    ZI Data      Debug   Library Member Name

        32         10          0          0          0         80   cpp_init.o
         0          0          0          0          0          0   entry.o
         0          0          0          0          0          0   entry10a.o
         0          0          0          0          0          0   entry11a.o
         8          4          0          0          0          0   entry2.o
         4          0          0          0          0          0   entry5.o
         0          0          0          0          0          0   entry7b.o
         4          0          0          0          0          0   entry8a.o
         0          0          0          0          0          0   entry8b.o
         8          4          0          0          0          0   entry9a.o
        30          0          0          0          0          0   handlers.o
        36          8          0          0          0         68   init.o
         0          0          0          0          0          0   iusefp.o
        30          0          0          0          0         68   llshl.o
        36          0          0          0          0         68   llsshr.o
        32          0          0          0          0         68   llushr.o
       108         16          0          0          0         84   malloc.o
        36          0          0          0          0        108   memseta.o
         0          0          0          8          0          0   mvars.o
       372         14          0          0          0        184   printf1.o
         0          0          0          4          0          0   stdout.o
        44          0          0          0          0         80   uidiv.o
        98          0          0          0          0         92   uldiv.o
        56          0          0          0          0         88   d2f.o
       334          0          0          0          0        148   dadd.o
       222          0          0          0          0        100   ddiv.o
       186          0          0          0          0        176   depilogue.o
        50          0          0          0          0         76   dfixui.o
        26          0          0          0          0         76   dfltui.o
       228          0          0          0          0         96   dmul.o
        38          0          0          0          0         68   f2d.o
       110          0          0          0          0        168   fepilogue.o

    ----------------------------------------------------------------------
      2132         56          0         12          0       1896   Library Totals
         4          0          0          0          0          0   (incl. Padding)

    ----------------------------------------------------------------------

      Code (inc. data)   RO Data    RW Data    ZI Data      Debug   Library Name

       878         56          0         12          0        900   mc_w.l
      1250          0          0          0          0        996   mf_w.l

    ----------------------------------------------------------------------
      2132         56          0         12          0       1896   Library Totals

    ----------------------------------------------------------------------

==============================================================================


      Code (inc. data)   RO Data    RW Data    ZI Data      Debug   

     20764       1006        460        132       3076     836843   Grand Totals
     20764       1006        460        132       3076     836843   ELF Image Totals
     20764       1006        460        132          0          0   ROM Totals

==============================================================================

    Total RO  Size (Code + RO Data)                21224 (  20.73kB)
    Total RW  Size (RW Data + ZI Data)              3208 (   3.13kB)
    Total ROM Size (Code + RO Data + RW Data)      21356 (  20.86kB)

==============================================================================

